<?xml version="1.0" encoding="utf-8"?>
<TestRun id="ef0e62a0-fdba-4445-8f34-35872514fe29" name="Michael.mao@LAPTOP-70G3Q9EA 2023-01-16 17:43:14" runUser="LAPTOP-70G3Q9EA\Michael.mao" xmlns="http://microsoft.com/schemas/VisualStudio/TeamTest/2010">
  <Times creation="2023-01-16T17:43:14.5546671+08:00" queuing="2023-01-16T17:43:14.5546675+08:00" start="2023-01-16T17:43:12.8847322+08:00" finish="2023-01-16T17:43:14.6528812+08:00" />
  <TestSettings name="default" id="56034c2b-1e15-44f9-80c2-f58335b7ff5e">
    <Deployment runDeploymentRoot="Michael.mao_LAPTOP-70G3Q9EA_2023-01-16_17_43_14" />
  </TestSettings>
  <Results>
    <UnitTestResult executionId="21ba13f8-c0f0-400d-9ea9-155d08007d21" testId="ffd0d712-3122-2118-a045-585cbde18967" testName="Butters.Extensions.String.Tests.StringExtensionsTests.ToEnumException(str: &quot;Xonday&quot;)" computerName="LAPTOP-70G3Q9EA" duration="00:00:00.0008434" startTime="2023-01-16T17:43:14.5341518+08:00" endTime="2023-01-16T17:43:14.5341520+08:00" testType="13cdc9d9-ddb5-4fa4-a97d-d965ccfc6d4b" outcome="Passed" testListId="8c84fa94-04c1-424b-9868-57a2d4851a1d" relativeResultsDirectory="21ba13f8-c0f0-400d-9ea9-155d08007d21" />
    <UnitTestResult executionId="9cb3a41f-3c41-4b66-9a12-8f7969eba9c1" testId="e614f898-ac74-a53e-2684-63aa2be94be6" testName="Butters.Extensions.String.Tests.StringExtensionsTests.ToBoolean(expected: True, str: &quot;t&quot;)" computerName="LAPTOP-70G3Q9EA" duration="00:00:00.0003570" startTime="2023-01-16T17:43:14.5035812+08:00" endTime="2023-01-16T17:43:14.5035813+08:00" testType="13cdc9d9-ddb5-4fa4-a97d-d965ccfc6d4b" outcome="Passed" testListId="8c84fa94-04c1-424b-9868-57a2d4851a1d" relativeResultsDirectory="9cb3a41f-3c41-4b66-9a12-8f7969eba9c1" />
    <UnitTestResult executionId="29b95825-16e6-4867-8811-aadb861a7a4f" testId="759b461e-6a19-df6e-753f-7315e4509307" testName="Butters.Extensions.String.Tests.StringExtensionsTests.ToInt32(expected: 1, str: &quot;1&quot;)" computerName="LAPTOP-70G3Q9EA" duration="00:00:00.0001284" startTime="2023-01-16T17:43:14.5347619+08:00" endTime="2023-01-16T17:43:14.5347620+08:00" testType="13cdc9d9-ddb5-4fa4-a97d-d965ccfc6d4b" outcome="Passed" testListId="8c84fa94-04c1-424b-9868-57a2d4851a1d" relativeResultsDirectory="29b95825-16e6-4867-8811-aadb861a7a4f" />
    <UnitTestResult executionId="d892ee1c-ee90-4565-93b7-937922be3f3a" testId="489c6f96-641f-d141-e457-410d423ce0ce" testName="Butters.Extensions.String.Tests.StringExtensionsTests.ToInt16(expected: 32767, str: &quot;32767&quot;)" computerName="LAPTOP-70G3Q9EA" duration="00:00:00.0002005" startTime="2023-01-16T17:43:14.5056891+08:00" endTime="2023-01-16T17:43:14.5056891+08:00" testType="13cdc9d9-ddb5-4fa4-a97d-d965ccfc6d4b" outcome="Passed" testListId="8c84fa94-04c1-424b-9868-57a2d4851a1d" relativeResultsDirectory="d892ee1c-ee90-4565-93b7-937922be3f3a" />
    <UnitTestResult executionId="f9f5646e-9bd9-41f3-99fb-6759b84217ba" testId="ba88189d-e4b1-ab06-1725-675fd90d4c5f" testName="Butters.Extensions.String.Tests.StringExtensionsTests.ToInt64(expected: 1, str: &quot;1&quot;)" computerName="LAPTOP-70G3Q9EA" duration="00:00:00.0022870" startTime="2023-01-16T17:43:14.5058183+08:00" endTime="2023-01-16T17:43:14.5058184+08:00" testType="13cdc9d9-ddb5-4fa4-a97d-d965ccfc6d4b" outcome="Passed" testListId="8c84fa94-04c1-424b-9868-57a2d4851a1d" relativeResultsDirectory="f9f5646e-9bd9-41f3-99fb-6759b84217ba" />
    <UnitTestResult executionId="acf0e91d-9dbd-49f4-a08d-ce011161bda3" testId="d93f5488-442f-ded3-80c7-b26c0f7f9ca1" testName="Butters.Extensions.String.Tests.StringExtensionsTests.ToDecimal(expected: 1, str: &quot;1&quot;)" computerName="LAPTOP-70G3Q9EA" duration="00:00:00.0023991" startTime="2023-01-16T17:43:14.5057820+08:00" endTime="2023-01-16T17:43:14.5057821+08:00" testType="13cdc9d9-ddb5-4fa4-a97d-d965ccfc6d4b" outcome="Passed" testListId="8c84fa94-04c1-424b-9868-57a2d4851a1d" relativeResultsDirectory="acf0e91d-9dbd-49f4-a08d-ce011161bda3" />
    <UnitTestResult executionId="30ec3d6b-020e-4231-a457-70602354a131" testId="3acd8ccb-02eb-cd73-3561-1216c5574386" testName="Butters.Extensions.String.Tests.StringExtensionsTests.ToLong(expected: -9223372036854775808, str: &quot;-9223372036854775808&quot;)" computerName="LAPTOP-70G3Q9EA" duration="00:00:00.0002995" startTime="2023-01-16T17:43:14.5070350+08:00" endTime="2023-01-16T17:43:14.5070354+08:00" testType="13cdc9d9-ddb5-4fa4-a97d-d965ccfc6d4b" outcome="Passed" testListId="8c84fa94-04c1-424b-9868-57a2d4851a1d" relativeResultsDirectory="30ec3d6b-020e-4231-a457-70602354a131" />
    <UnitTestResult executionId="51332768-bb2c-456f-b3d0-d4fc4d63fa62" testId="3ef3fb3c-d9e2-13a9-6437-dcf8b472fbc7" testName="Butters.Extensions.String.Tests.StringExtensionsTests.ToDouble(expected: 1, str: &quot;1&quot;)" computerName="LAPTOP-70G3Q9EA" duration="00:00:00.0073294" startTime="2023-01-16T17:43:14.4373322+08:00" endTime="2023-01-16T17:43:14.4373703+08:00" testType="13cdc9d9-ddb5-4fa4-a97d-d965ccfc6d4b" outcome="Passed" testListId="8c84fa94-04c1-424b-9868-57a2d4851a1d" relativeResultsDirectory="51332768-bb2c-456f-b3d0-d4fc4d63fa62" />
    <UnitTestResult executionId="196eb4d8-dbce-4777-81e1-9dfc7dd829da" testId="5df406d6-bcce-17dc-a028-b1c7fcfde9e1" testName="Butters.Extensions.String.Tests.StringExtensionsTests.ToEnum(expected: Monday, str: &quot;monday&quot;)" computerName="LAPTOP-70G3Q9EA" duration="00:00:00.0003361" startTime="2023-01-16T17:43:14.5033919+08:00" endTime="2023-01-16T17:43:14.5033919+08:00" testType="13cdc9d9-ddb5-4fa4-a97d-d965ccfc6d4b" outcome="Passed" testListId="8c84fa94-04c1-424b-9868-57a2d4851a1d" relativeResultsDirectory="196eb4d8-dbce-4777-81e1-9dfc7dd829da" />
    <UnitTestResult executionId="5e9631b4-a4d3-455b-b41f-7f4daaadd7cb" testId="49f1607c-10a3-46c8-d080-671f1eab61fe" testName="Butters.Extensions.String.Tests.StringExtensionsTests.ToCamelCaseLower(expected: &quot;ioStream&quot;, str: &quot;IOStream&quot;)" computerName="LAPTOP-70G3Q9EA" duration="00:00:00.0000140" startTime="2023-01-16T17:43:14.5064183+08:00" endTime="2023-01-16T17:43:14.5064184+08:00" testType="13cdc9d9-ddb5-4fa4-a97d-d965ccfc6d4b" outcome="Passed" testListId="8c84fa94-04c1-424b-9868-57a2d4851a1d" relativeResultsDirectory="5e9631b4-a4d3-455b-b41f-7f4daaadd7cb" />
    <UnitTestResult executionId="9a93c693-7f14-442a-b440-31b1270eb3b7" testId="c15319b8-e67b-037b-22d0-d487333dccf5" testName="Butters.Extensions.String.Tests.StringExtensionsTests.ToCamelCaseUpper(expected: &quot;WelcomeToThe&quot;, str: &quot;Welcome_To_The&quot;)" computerName="LAPTOP-70G3Q9EA" duration="00:00:00.0000078" startTime="2023-01-16T17:43:14.4451423+08:00" endTime="2023-01-16T17:43:14.4451425+08:00" testType="13cdc9d9-ddb5-4fa4-a97d-d965ccfc6d4b" outcome="Passed" testListId="8c84fa94-04c1-424b-9868-57a2d4851a1d" relativeResultsDirectory="9a93c693-7f14-442a-b440-31b1270eb3b7" />
    <UnitTestResult executionId="60419411-e507-47c9-aa3a-61454e5d437a" testId="75399664-6a60-889a-25d2-4db5117eb1b0" testName="Butters.Extensions.String.Tests.StringExtensionsTests.ToBoolean(expected: False, str: &quot;False&quot;)" computerName="LAPTOP-70G3Q9EA" duration="00:00:00.0000075" startTime="2023-01-16T17:43:14.5050664+08:00" endTime="2023-01-16T17:43:14.5050664+08:00" testType="13cdc9d9-ddb5-4fa4-a97d-d965ccfc6d4b" outcome="Passed" testListId="8c84fa94-04c1-424b-9868-57a2d4851a1d" relativeResultsDirectory="60419411-e507-47c9-aa3a-61454e5d437a" />
    <UnitTestResult executionId="42084f64-1a81-4367-a202-857bbbc0a94f" testId="a641526f-a1f4-323c-ac4c-f45a2c76b9e0" testName="Butters.Extensions.String.Tests.StringExtensionsTests.ToSnakeCase(expected: &quot;name_of_property&quot;, str: &quot;nameOfProperty&quot;)" computerName="LAPTOP-70G3Q9EA" duration="00:00:00.0004002" startTime="2023-01-16T17:43:14.5065502+08:00" endTime="2023-01-16T17:43:14.5065502+08:00" testType="13cdc9d9-ddb5-4fa4-a97d-d965ccfc6d4b" outcome="Passed" testListId="8c84fa94-04c1-424b-9868-57a2d4851a1d" relativeResultsDirectory="42084f64-1a81-4367-a202-857bbbc0a94f" />
    <UnitTestResult executionId="89687580-5f51-4ca0-b6f2-c1ec08d4be6d" testId="ab0246b5-a62b-e30d-2301-5a8e6fe3d765" testName="Butters.Extensions.String.Tests.StringExtensionsTests.ToInt(expected: 2147483647, str: &quot;2147483647&quot;)" computerName="LAPTOP-70G3Q9EA" duration="00:00:00.0002530" startTime="2023-01-16T17:43:14.5266415+08:00" endTime="2023-01-16T17:43:14.5266416+08:00" testType="13cdc9d9-ddb5-4fa4-a97d-d965ccfc6d4b" outcome="Passed" testListId="8c84fa94-04c1-424b-9868-57a2d4851a1d" relativeResultsDirectory="89687580-5f51-4ca0-b6f2-c1ec08d4be6d" />
    <UnitTestResult executionId="02b4dc2f-3542-4d1e-99ff-04e5303fff2c" testId="89ac71a5-0741-0c61-f73b-a1d13f2600d6" testName="Butters.Extensions.String.Tests.StringExtensionsTests.ToSingle(expected: 1, str: &quot;1&quot;)" computerName="LAPTOP-70G3Q9EA" duration="00:00:00.0001762" startTime="2023-01-16T17:43:14.5051179+08:00" endTime="2023-01-16T17:43:14.5051180+08:00" testType="13cdc9d9-ddb5-4fa4-a97d-d965ccfc6d4b" outcome="Passed" testListId="8c84fa94-04c1-424b-9868-57a2d4851a1d" relativeResultsDirectory="02b4dc2f-3542-4d1e-99ff-04e5303fff2c" />
    <UnitTestResult executionId="bd75eb84-9ab7-48b3-8f0e-7c92318f35cc" testId="db61fcd6-e94b-34bf-7a45-4bf7e2489e81" testName="Butters.Extensions.String.Tests.StringExtensionsTests.ToEnum(expected: Monday, str: &quot;Monday&quot;)" computerName="LAPTOP-70G3Q9EA" duration="00:00:00.0031359" startTime="2023-01-16T17:43:14.5033632+08:00" endTime="2023-01-16T17:43:14.5033633+08:00" testType="13cdc9d9-ddb5-4fa4-a97d-d965ccfc6d4b" outcome="Passed" testListId="8c84fa94-04c1-424b-9868-57a2d4851a1d" relativeResultsDirectory="bd75eb84-9ab7-48b3-8f0e-7c92318f35cc" />
    <UnitTestResult executionId="628a5024-634a-4e44-9045-9950904eb264" testId="17748906-a189-2a69-ca90-a5ac1fe76c50" testName="Butters.Extensions.String.Tests.StringExtensionsTests.ToCamelCaseLower(expected: &quot;welcomeToThe&quot;, str: &quot;Welcome To The&quot;)" computerName="LAPTOP-70G3Q9EA" duration="00:00:00.0002856" startTime="2023-01-16T17:43:14.5058527+08:00" endTime="2023-01-16T17:43:14.5058528+08:00" testType="13cdc9d9-ddb5-4fa4-a97d-d965ccfc6d4b" outcome="Passed" testListId="8c84fa94-04c1-424b-9868-57a2d4851a1d" relativeResultsDirectory="628a5024-634a-4e44-9045-9950904eb264" />
    <UnitTestResult executionId="ed349b66-e1d4-4d4e-bf34-9e803e24f761" testId="f3f27186-c1dd-f51f-b82f-cc44857343a4" testName="Butters.Extensions.String.Tests.StringExtensionsTests.ToByte(bytes: [97, 49], str: &quot;a1&quot;)" computerName="LAPTOP-70G3Q9EA" duration="00:00:00.0063600" startTime="2023-01-16T17:43:14.5331719+08:00" endTime="2023-01-16T17:43:14.5331724+08:00" testType="13cdc9d9-ddb5-4fa4-a97d-d965ccfc6d4b" outcome="Passed" testListId="8c84fa94-04c1-424b-9868-57a2d4851a1d" relativeResultsDirectory="ed349b66-e1d4-4d4e-bf34-9e803e24f761" />
    <UnitTestResult executionId="95926262-0f14-428a-b276-fb2823042c0d" testId="7128c478-eb80-9376-777c-8f9a77fd5373" testName="Butters.Extensions.String.Tests.StringExtensionsTests.ToShort(expected: -32768, str: &quot;-32768&quot;)" computerName="LAPTOP-70G3Q9EA" duration="00:00:00.0003576" startTime="2023-01-16T17:43:14.5056108+08:00" endTime="2023-01-16T17:43:14.5056108+08:00" testType="13cdc9d9-ddb5-4fa4-a97d-d965ccfc6d4b" outcome="Passed" testListId="8c84fa94-04c1-424b-9868-57a2d4851a1d" relativeResultsDirectory="95926262-0f14-428a-b276-fb2823042c0d" />
    <UnitTestResult executionId="d7132c24-45e4-43d2-8b57-a9398406a6b1" testId="1e0f98aa-ac76-3dd6-5154-ee1be7bfabe8" testName="Butters.Extensions.String.Tests.StringExtensionsTests.ToCamelCaseUpper(expected: &quot;WelcomeToThe&quot;, str: &quot;WelcomeToThe&quot;)" computerName="LAPTOP-70G3Q9EA" duration="00:00:00.0000062" startTime="2023-01-16T17:43:14.5030957+08:00" endTime="2023-01-16T17:43:14.5030958+08:00" testType="13cdc9d9-ddb5-4fa4-a97d-d965ccfc6d4b" outcome="Passed" testListId="8c84fa94-04c1-424b-9868-57a2d4851a1d" relativeResultsDirectory="d7132c24-45e4-43d2-8b57-a9398406a6b1" />
    <UnitTestResult executionId="c0a2f0d5-a255-4669-be76-ac0ab394d284" testId="54ca5afa-d03d-2985-b17e-03d6d3827f4a" testName="Butters.Extensions.String.Tests.StringExtensionsTests.ToCamelCaseUpper(expected: &quot;WelcomeToThe&quot;, str: &quot;Welcome to the&quot;)" computerName="LAPTOP-70G3Q9EA" duration="00:00:00.0010846" startTime="2023-01-16T17:43:14.4449252+08:00" endTime="2023-01-16T17:43:14.4449253+08:00" testType="13cdc9d9-ddb5-4fa4-a97d-d965ccfc6d4b" outcome="Passed" testListId="8c84fa94-04c1-424b-9868-57a2d4851a1d" relativeResultsDirectory="c0a2f0d5-a255-4669-be76-ac0ab394d284" />
    <UnitTestResult executionId="2b203e23-d19d-4e12-ab5f-f53b71ec163b" testId="ec758b67-47b6-82b3-0c79-9a14915c6210" testName="Butters.Extensions.String.Tests.StringExtensionsTests.ToCamelCaseLower(expected: &quot;welcomeToThe&quot;, str: &quot;Welcome_To_The&quot;)" computerName="LAPTOP-70G3Q9EA" duration="00:00:00.0000134" startTime="2023-01-16T17:43:14.5064472+08:00" endTime="2023-01-16T17:43:14.5064473+08:00" testType="13cdc9d9-ddb5-4fa4-a97d-d965ccfc6d4b" outcome="Passed" testListId="8c84fa94-04c1-424b-9868-57a2d4851a1d" relativeResultsDirectory="2b203e23-d19d-4e12-ab5f-f53b71ec163b" />
    <UnitTestResult executionId="21142d1e-613c-41b2-a139-add5d940b230" testId="126c0182-1189-a894-8d85-9452fc89c60b" testName="Butters.Extensions.String.Tests.StringExtensionsTests.ToInt(expected: -2147483648, str: &quot;-2147483648&quot;)" computerName="LAPTOP-70G3Q9EA" duration="00:00:00.0019822" startTime="2023-01-16T17:43:14.5263135+08:00" endTime="2023-01-16T17:43:14.5263138+08:00" testType="13cdc9d9-ddb5-4fa4-a97d-d965ccfc6d4b" outcome="Passed" testListId="8c84fa94-04c1-424b-9868-57a2d4851a1d" relativeResultsDirectory="21142d1e-613c-41b2-a139-add5d940b230" />
    <UnitTestResult executionId="15558fd5-910e-49cf-a3fe-12ebce2dcc32" testId="e869893e-fd20-5bde-fc2c-c0c75431fc28" testName="Butters.Extensions.String.Tests.StringExtensionsTests.ToLong(expected: 9223372036854775807, str: &quot;9223372036854775807&quot;)" computerName="LAPTOP-70G3Q9EA" duration="00:00:00.0000087" startTime="2023-01-16T17:43:14.5071044+08:00" endTime="2023-01-16T17:43:14.5071044+08:00" testType="13cdc9d9-ddb5-4fa4-a97d-d965ccfc6d4b" outcome="Passed" testListId="8c84fa94-04c1-424b-9868-57a2d4851a1d" relativeResultsDirectory="15558fd5-910e-49cf-a3fe-12ebce2dcc32" />
    <UnitTestResult executionId="29234e75-5fbc-42c1-b649-2395be95154c" testId="7acb2012-3c75-d387-d64d-36f0514600b5" testName="Butters.Extensions.String.Tests.StringExtensionsTests.ToBoolean(expected: True, str: &quot;y&quot;)" computerName="LAPTOP-70G3Q9EA" duration="00:00:00.0000095" startTime="2023-01-16T17:43:14.5050337+08:00" endTime="2023-01-16T17:43:14.5050338+08:00" testType="13cdc9d9-ddb5-4fa4-a97d-d965ccfc6d4b" outcome="Passed" testListId="8c84fa94-04c1-424b-9868-57a2d4851a1d" relativeResultsDirectory="29234e75-5fbc-42c1-b649-2395be95154c" />
    <UnitTestResult executionId="255c59b6-4992-45dc-b408-6fe98287cbb6" testId="d8a06228-c4ee-1667-45ba-8945e3337c7a" testName="Butters.Extensions.String.Tests.StringExtensionsTests.ToCamelCaseLower(expected: &quot;welcomeToThe&quot;, str: &quot;Welcome-To-The&quot;)" computerName="LAPTOP-70G3Q9EA" duration="00:00:00.0000152" startTime="2023-01-16T17:43:14.5063610+08:00" endTime="2023-01-16T17:43:14.5063611+08:00" testType="13cdc9d9-ddb5-4fa4-a97d-d965ccfc6d4b" outcome="Passed" testListId="8c84fa94-04c1-424b-9868-57a2d4851a1d" relativeResultsDirectory="255c59b6-4992-45dc-b408-6fe98287cbb6" />
    <UnitTestResult executionId="82e13ca2-abf9-4cb7-b5f6-ffcd2e6dcb1d" testId="c3dda673-7508-e7ea-3e46-9ffbc7166b5c" testName="Butters.Extensions.String.Tests.StringExtensionsTests.ToBoolean(expected: True, str: &quot;yes&quot;)" computerName="LAPTOP-70G3Q9EA" duration="00:00:00.0000074" startTime="2023-01-16T17:43:14.5050058+08:00" endTime="2023-01-16T17:43:14.5050058+08:00" testType="13cdc9d9-ddb5-4fa4-a97d-d965ccfc6d4b" outcome="Passed" testListId="8c84fa94-04c1-424b-9868-57a2d4851a1d" relativeResultsDirectory="82e13ca2-abf9-4cb7-b5f6-ffcd2e6dcb1d" />
    <UnitTestResult executionId="71ade789-b0ad-453f-8a2a-792be9f5d4fe" testId="12351f29-5a74-7b20-0dba-44c3fd4c6da9" testName="Butters.Extensions.String.Tests.StringExtensionsTests.ToLong(expected: 1, str: &quot;1&quot;)" computerName="LAPTOP-70G3Q9EA" duration="00:00:00.0002146" startTime="2023-01-16T17:43:14.5070721+08:00" endTime="2023-01-16T17:43:14.5070722+08:00" testType="13cdc9d9-ddb5-4fa4-a97d-d965ccfc6d4b" outcome="Passed" testListId="8c84fa94-04c1-424b-9868-57a2d4851a1d" relativeResultsDirectory="71ade789-b0ad-453f-8a2a-792be9f5d4fe" />
    <UnitTestResult executionId="19103c98-9d5a-48f8-9fd6-58e638984171" testId="80b6ab7a-88e3-b4a8-cda3-1519a8629d51" testName="Butters.Extensions.String.Tests.StringExtensionsTests.ToShort(expected: 32767, str: &quot;32767&quot;)" computerName="LAPTOP-70G3Q9EA" duration="00:00:00.0000115" startTime="2023-01-16T17:43:14.5056400+08:00" endTime="2023-01-16T17:43:14.5056400+08:00" testType="13cdc9d9-ddb5-4fa4-a97d-d965ccfc6d4b" outcome="Passed" testListId="8c84fa94-04c1-424b-9868-57a2d4851a1d" relativeResultsDirectory="19103c98-9d5a-48f8-9fd6-58e638984171" />
    <UnitTestResult executionId="51e8ea0f-bd29-4c7f-b010-db09f2447aa0" testId="754222d5-9ea8-548f-04f6-887a8638a034" testName="Butters.Extensions.String.Tests.StringExtensionsTests.ToCamelCaseUpper(expected: &quot;ISODate&quot;, str: &quot;ISODate&quot;)" computerName="LAPTOP-70G3Q9EA" duration="00:00:00.0000160" startTime="2023-01-16T17:43:14.4450633+08:00" endTime="2023-01-16T17:43:14.4450634+08:00" testType="13cdc9d9-ddb5-4fa4-a97d-d965ccfc6d4b" outcome="Passed" testListId="8c84fa94-04c1-424b-9868-57a2d4851a1d" relativeResultsDirectory="51e8ea0f-bd29-4c7f-b010-db09f2447aa0" />
    <UnitTestResult executionId="a26f55c2-dcfc-4c98-9362-01203494106d" testId="5059ce9a-a274-92c8-5e9a-9822c131a3c5" testName="Butters.Extensions.String.Tests.StringExtensionsTests.ToBoolean(expected: False, str: &quot;false&quot;)" computerName="LAPTOP-70G3Q9EA" duration="00:00:00.0031658" startTime="2023-01-16T17:43:14.5035281+08:00" endTime="2023-01-16T17:43:14.5035282+08:00" testType="13cdc9d9-ddb5-4fa4-a97d-d965ccfc6d4b" outcome="Passed" testListId="8c84fa94-04c1-424b-9868-57a2d4851a1d" relativeResultsDirectory="a26f55c2-dcfc-4c98-9362-01203494106d" />
    <UnitTestResult executionId="88115220-ef8a-4cd9-a4e5-49a64979cf47" testId="02113ecb-6dd6-720f-5a9b-b47f191bff15" testName="Butters.Extensions.String.Tests.StringExtensionsTests.ToFloat(expected: 1, str: &quot;1&quot;)" computerName="LAPTOP-70G3Q9EA" duration="00:00:00.0004055" startTime="2023-01-16T17:43:14.5034576+08:00" endTime="2023-01-16T17:43:14.5034577+08:00" testType="13cdc9d9-ddb5-4fa4-a97d-d965ccfc6d4b" outcome="Passed" testListId="8c84fa94-04c1-424b-9868-57a2d4851a1d" relativeResultsDirectory="88115220-ef8a-4cd9-a4e5-49a64979cf47" />
    <UnitTestResult executionId="97840af6-0303-42ac-a4ed-eba3b01e4527" testId="a66c6842-2257-1d5e-2daf-d2e312be868e" testName="Butters.Extensions.String.Tests.StringExtensionsTests.ToCamelCaseUpper(expected: &quot;IOAAAStream&quot;, str: &quot;IOAAAStream&quot;)" computerName="LAPTOP-70G3Q9EA" duration="00:00:00.0000061" startTime="2023-01-16T17:43:14.4451885+08:00" endTime="2023-01-16T17:43:14.4451886+08:00" testType="13cdc9d9-ddb5-4fa4-a97d-d965ccfc6d4b" outcome="Passed" testListId="8c84fa94-04c1-424b-9868-57a2d4851a1d" relativeResultsDirectory="97840af6-0303-42ac-a4ed-eba3b01e4527" />
    <UnitTestResult executionId="b063865a-d8cf-4e59-b8e7-0c8b127e26a7" testId="71bf26ad-52b1-e6c4-3bc9-1efdb4880397" testName="Butters.Extensions.String.Tests.StringExtensionsTests.ToInt16(expected: -32768, str: &quot;-32768&quot;)" computerName="LAPTOP-70G3Q9EA" duration="00:00:00.0002347" startTime="2023-01-16T17:43:14.5057197+08:00" endTime="2023-01-16T17:43:14.5057198+08:00" testType="13cdc9d9-ddb5-4fa4-a97d-d965ccfc6d4b" outcome="Passed" testListId="8c84fa94-04c1-424b-9868-57a2d4851a1d" relativeResultsDirectory="b063865a-d8cf-4e59-b8e7-0c8b127e26a7" />
    <UnitTestResult executionId="fb709674-c060-4f6e-bfed-ce2c40922137" testId="27aa45d5-5de0-38b9-9f41-e8de0f443bfd" testName="Butters.Extensions.String.Tests.StringExtensionsTests.ToFloat(expected: 3.40282347E+38, str: &quot;3.40282347E+38&quot;)" computerName="LAPTOP-70G3Q9EA" duration="00:00:00.0000193" startTime="2023-01-16T17:43:14.5034855+08:00" endTime="2023-01-16T17:43:14.5034856+08:00" testType="13cdc9d9-ddb5-4fa4-a97d-d965ccfc6d4b" outcome="Passed" testListId="8c84fa94-04c1-424b-9868-57a2d4851a1d" relativeResultsDirectory="fb709674-c060-4f6e-bfed-ce2c40922137" />
    <UnitTestResult executionId="b6c61957-a12b-45dd-a978-50390a3c7d2d" testId="78563859-ddad-c6c5-ec01-13dbbeb96cb8" testName="Butters.Extensions.String.Tests.StringExtensionsTests.ToCamelCaseUpper(expected: &quot;WelcomeToThe&quot;, str: &quot;Welcome To The&quot;)" computerName="LAPTOP-70G3Q9EA" duration="00:00:00.0002770" startTime="2023-01-16T17:43:14.4449643+08:00" endTime="2023-01-16T17:43:14.4449644+08:00" testType="13cdc9d9-ddb5-4fa4-a97d-d965ccfc6d4b" outcome="Passed" testListId="8c84fa94-04c1-424b-9868-57a2d4851a1d" relativeResultsDirectory="b6c61957-a12b-45dd-a978-50390a3c7d2d" />
    <UnitTestResult executionId="2322d876-77bd-462f-b83e-f063a24a6c13" testId="a9631da1-f217-f277-a453-d2bdcf42a681" testName="Butters.Extensions.String.Tests.StringExtensionsTests.ToBoolean(expected: False, str: &quot;no&quot;)" computerName="LAPTOP-70G3Q9EA" duration="00:00:00.0000050" startTime="2023-01-16T17:43:14.5049776+08:00" endTime="2023-01-16T17:43:14.5049776+08:00" testType="13cdc9d9-ddb5-4fa4-a97d-d965ccfc6d4b" outcome="Passed" testListId="8c84fa94-04c1-424b-9868-57a2d4851a1d" relativeResultsDirectory="2322d876-77bd-462f-b83e-f063a24a6c13" />
    <UnitTestResult executionId="06d1e551-85f3-4e1a-968e-e6f9fb6ed969" testId="c90a9809-7c23-391d-ea1c-29b45fc32c3a" testName="Butters.Extensions.String.Tests.StringExtensionsTests.ToBoolean(expected: False, str: &quot;f&quot;)" computerName="LAPTOP-70G3Q9EA" duration="00:00:00.0000047" startTime="2023-01-16T17:43:14.5049187+08:00" endTime="2023-01-16T17:43:14.5049188+08:00" testType="13cdc9d9-ddb5-4fa4-a97d-d965ccfc6d4b" outcome="Passed" testListId="8c84fa94-04c1-424b-9868-57a2d4851a1d" relativeResultsDirectory="06d1e551-85f3-4e1a-968e-e6f9fb6ed969" />
    <UnitTestResult executionId="8419436b-e329-4a2b-b89d-a267fb94a93c" testId="66bc6e40-a125-6fda-5d16-de1e9b182743" testName="Butters.Extensions.String.Tests.StringExtensionsTests.ToBoolean(expected: True, str: &quot;TRUE&quot;)" computerName="LAPTOP-70G3Q9EA" duration="00:00:00.0000137" startTime="2023-01-16T17:43:14.5048432+08:00" endTime="2023-01-16T17:43:14.5048433+08:00" testType="13cdc9d9-ddb5-4fa4-a97d-d965ccfc6d4b" outcome="Passed" testListId="8c84fa94-04c1-424b-9868-57a2d4851a1d" relativeResultsDirectory="8419436b-e329-4a2b-b89d-a267fb94a93c" />
    <UnitTestResult executionId="e12248fe-d2c1-45d2-be56-2e7cc73f34e4" testId="843f9c60-4392-54a0-927b-2cc381105937" testName="Butters.Extensions.String.Tests.StringExtensionsTests.ToFloat(expected: -3.40282347E+38, str: &quot;-3.40282347E+38&quot;)" computerName="LAPTOP-70G3Q9EA" duration="00:00:00.0025772" startTime="2023-01-16T17:43:14.5034267+08:00" endTime="2023-01-16T17:43:14.5034268+08:00" testType="13cdc9d9-ddb5-4fa4-a97d-d965ccfc6d4b" outcome="Passed" testListId="8c84fa94-04c1-424b-9868-57a2d4851a1d" relativeResultsDirectory="e12248fe-d2c1-45d2-be56-2e7cc73f34e4" />
    <UnitTestResult executionId="1796a149-d36f-4f50-a548-45f7e81f8ce6" testId="3627270c-27e0-cc32-4e0c-0d9a56def2ab" testName="Butters.Extensions.String.Tests.StringExtensionsTests.ToSnakeCase(expected: &quot;name _of _property&quot;, str: &quot;name Of Property&quot;)" computerName="LAPTOP-70G3Q9EA" duration="00:00:00.0027969" startTime="2023-01-16T17:43:14.5065157+08:00" endTime="2023-01-16T17:43:14.5065158+08:00" testType="13cdc9d9-ddb5-4fa4-a97d-d965ccfc6d4b" outcome="Passed" testListId="8c84fa94-04c1-424b-9868-57a2d4851a1d" relativeResultsDirectory="1796a149-d36f-4f50-a548-45f7e81f8ce6" />
    <UnitTestResult executionId="62cd5581-630f-4dfc-9a77-ae79376fa9be" testId="bd11d8bd-0758-8adb-fd94-e0eb96d8ea8c" testName="Butters.Extensions.String.Tests.StringExtensionsTests.ToCamelCaseLower(expected: &quot;welcomeToThe&quot;, str: &quot;Welcome to the&quot;)" computerName="LAPTOP-70G3Q9EA" duration="00:00:00.0000283" startTime="2023-01-16T17:43:14.5063302+08:00" endTime="2023-01-16T17:43:14.5063302+08:00" testType="13cdc9d9-ddb5-4fa4-a97d-d965ccfc6d4b" outcome="Passed" testListId="8c84fa94-04c1-424b-9868-57a2d4851a1d" relativeResultsDirectory="62cd5581-630f-4dfc-9a77-ae79376fa9be" />
    <UnitTestResult executionId="0742144f-880e-4885-8906-5919fa8f0969" testId="e5aa4600-eb62-9c5d-a2b8-18d4910ea81b" testName="Butters.Extensions.String.Tests.StringExtensionsTests.ToCamelCaseUpper(expected: &quot;IOStream&quot;, str: &quot;IOStream&quot;)" computerName="LAPTOP-70G3Q9EA" duration="00:00:00.0000066" startTime="2023-01-16T17:43:14.4452506+08:00" endTime="2023-01-16T17:43:14.4452507+08:00" testType="13cdc9d9-ddb5-4fa4-a97d-d965ccfc6d4b" outcome="Passed" testListId="8c84fa94-04c1-424b-9868-57a2d4851a1d" relativeResultsDirectory="0742144f-880e-4885-8906-5919fa8f0969" />
    <UnitTestResult executionId="370f2c3c-c61e-4013-b5c4-eec50319443d" testId="e76f61a8-54fe-fb09-5897-517ed06b89f9" testName="Butters.Extensions.String.Tests.StringExtensionsTests.ToCamelCaseLower(expected: &quot;ioaaaStream&quot;, str: &quot;IOAAAStream&quot;)" computerName="LAPTOP-70G3Q9EA" duration="00:00:00.0000148" startTime="2023-01-16T17:43:14.5064770+08:00" endTime="2023-01-16T17:43:14.5064771+08:00" testType="13cdc9d9-ddb5-4fa4-a97d-d965ccfc6d4b" outcome="Passed" testListId="8c84fa94-04c1-424b-9868-57a2d4851a1d" relativeResultsDirectory="370f2c3c-c61e-4013-b5c4-eec50319443d" />
    <UnitTestResult executionId="296b9708-9184-4d53-b473-18c01ee78c7c" testId="1bca8b1c-701f-bec8-3a34-2e5e279dbe55" testName="Butters.Extensions.String.Tests.StringExtensionsTests.ToBoolean(expected: True, str: &quot;true&quot;)" computerName="LAPTOP-70G3Q9EA" duration="00:00:00.0000044" startTime="2023-01-16T17:43:14.5049470+08:00" endTime="2023-01-16T17:43:14.5049471+08:00" testType="13cdc9d9-ddb5-4fa4-a97d-d965ccfc6d4b" outcome="Passed" testListId="8c84fa94-04c1-424b-9868-57a2d4851a1d" relativeResultsDirectory="296b9708-9184-4d53-b473-18c01ee78c7c" />
    <UnitTestResult executionId="d99a6005-3928-45a9-a9ab-52deacce96ed" testId="42eeee91-f85f-2d96-587f-0488a6f2ad96" testName="Butters.Extensions.String.Tests.StringExtensionsTests.ToShort(expected: 1, str: &quot;1&quot;)" computerName="LAPTOP-70G3Q9EA" duration="00:00:00.0027085" startTime="2023-01-16T17:43:14.5055727+08:00" endTime="2023-01-16T17:43:14.5055727+08:00" testType="13cdc9d9-ddb5-4fa4-a97d-d965ccfc6d4b" outcome="Passed" testListId="8c84fa94-04c1-424b-9868-57a2d4851a1d" relativeResultsDirectory="d99a6005-3928-45a9-a9ab-52deacce96ed" />
    <UnitTestResult executionId="e95499db-320a-4ed7-82bc-2b08d64b8b69" testId="9d5a582a-816a-5ca3-6768-2f4558dca9a8" testName="Butters.Extensions.String.Tests.StringExtensionsTests.ToInt(expected: 1, str: &quot;1&quot;)" computerName="LAPTOP-70G3Q9EA" duration="00:00:00.0000104" startTime="2023-01-16T17:43:14.5266887+08:00" endTime="2023-01-16T17:43:14.5266887+08:00" testType="13cdc9d9-ddb5-4fa4-a97d-d965ccfc6d4b" outcome="Passed" testListId="8c84fa94-04c1-424b-9868-57a2d4851a1d" relativeResultsDirectory="e95499db-320a-4ed7-82bc-2b08d64b8b69" />
    <UnitTestResult executionId="d42e6590-2212-48aa-b2e1-47ae4ac62ebc" testId="e371515e-cf1a-0b1c-b8cb-bdbefa8042e1" testName="Butters.Extensions.String.Tests.StringExtensionsTests.ToCamelCaseLower(expected: &quot;welcomeToThe&quot;, str: &quot;WelcomeToThe&quot;)" computerName="LAPTOP-70G3Q9EA" duration="00:00:00.0005325" startTime="2023-01-16T17:43:14.5062924+08:00" endTime="2023-01-16T17:43:14.5062925+08:00" testType="13cdc9d9-ddb5-4fa4-a97d-d965ccfc6d4b" outcome="Passed" testListId="8c84fa94-04c1-424b-9868-57a2d4851a1d" relativeResultsDirectory="d42e6590-2212-48aa-b2e1-47ae4ac62ebc" />
    <UnitTestResult executionId="6ca24929-3fac-4051-adf4-7b7fbdd678c0" testId="ce6d1101-8dcd-fa3f-7656-98e996467e3c" testName="Butters.Extensions.String.Tests.StringExtensionsTests.ToDouble(expected: 1.7976931348623157E+308, str: &quot;1.7976931348623157E+308&quot;)" computerName="LAPTOP-70G3Q9EA" duration="00:00:00.0000125" startTime="2023-01-16T17:43:14.4448363+08:00" endTime="2023-01-16T17:43:14.4448365+08:00" testType="13cdc9d9-ddb5-4fa4-a97d-d965ccfc6d4b" outcome="Passed" testListId="8c84fa94-04c1-424b-9868-57a2d4851a1d" relativeResultsDirectory="6ca24929-3fac-4051-adf4-7b7fbdd678c0" />
    <UnitTestResult executionId="57d80da3-fc12-4c43-8ea3-78f19ddd1fa4" testId="c7bfd0e7-3b25-f13e-291c-68cf2096d49d" testName="Butters.Extensions.String.Tests.StringExtensionsTests.ToInt16(expected: 1, str: &quot;1&quot;)" computerName="LAPTOP-70G3Q9EA" duration="00:00:00.0000174" startTime="2023-01-16T17:43:14.5057477+08:00" endTime="2023-01-16T17:43:14.5057478+08:00" testType="13cdc9d9-ddb5-4fa4-a97d-d965ccfc6d4b" outcome="Passed" testListId="8c84fa94-04c1-424b-9868-57a2d4851a1d" relativeResultsDirectory="57d80da3-fc12-4c43-8ea3-78f19ddd1fa4" />
    <UnitTestResult executionId="55dcdd1a-2f69-4579-8803-3a9f825210c4" testId="63235e37-bf35-6fd5-c943-b2f98820fb7a" testName="Butters.Extensions.String.Tests.StringExtensionsTests.ToBoolean(expected: False, str: &quot;n&quot;)" computerName="LAPTOP-70G3Q9EA" duration="00:00:00.0000078" startTime="2023-01-16T17:43:14.5048883+08:00" endTime="2023-01-16T17:43:14.5048884+08:00" testType="13cdc9d9-ddb5-4fa4-a97d-d965ccfc6d4b" outcome="Passed" testListId="8c84fa94-04c1-424b-9868-57a2d4851a1d" relativeResultsDirectory="55dcdd1a-2f69-4579-8803-3a9f825210c4" />
    <UnitTestResult executionId="922d1d58-d969-43c4-a88d-accddc2f9101" testId="d448177d-5cf5-c222-be60-f1b8c7634867" testName="Butters.Extensions.String.Tests.StringExtensionsTests.ToObjectFromJson" computerName="LAPTOP-70G3Q9EA" duration="00:00:00.0539531" startTime="2023-01-16T17:43:14.5242300+08:00" endTime="2023-01-16T17:43:14.5242305+08:00" testType="13cdc9d9-ddb5-4fa4-a97d-d965ccfc6d4b" outcome="Passed" testListId="8c84fa94-04c1-424b-9868-57a2d4851a1d" relativeResultsDirectory="922d1d58-d969-43c4-a88d-accddc2f9101" />
    <UnitTestResult executionId="e87985df-8964-4e21-8f4a-84c297030e45" testId="6191aab4-350e-2fc7-055a-128eff914bae" testName="Butters.Extensions.String.Tests.StringExtensionsTests.ToCamelCaseLower(expected: &quot;isoDate&quot;, str: &quot;ISODate&quot;)" computerName="LAPTOP-70G3Q9EA" duration="00:00:00.0000170" startTime="2023-01-16T17:43:14.5063902+08:00" endTime="2023-01-16T17:43:14.5063903+08:00" testType="13cdc9d9-ddb5-4fa4-a97d-d965ccfc6d4b" outcome="Passed" testListId="8c84fa94-04c1-424b-9868-57a2d4851a1d" relativeResultsDirectory="e87985df-8964-4e21-8f4a-84c297030e45" />
    <UnitTestResult executionId="984d5859-8c80-4242-8959-b21bc7db5274" testId="6b9da3db-4ba9-7250-0b29-4c13046299af" testName="Butters.Extensions.String.Tests.StringExtensionsTests.ToCamelCase(expected: &quot;welcomeToThe&quot;, str: &quot;Welcome to the&quot;)" computerName="LAPTOP-70G3Q9EA" duration="00:00:00.0050193" startTime="2023-01-16T17:43:14.5033199+08:00" endTime="2023-01-16T17:43:14.5033200+08:00" testType="13cdc9d9-ddb5-4fa4-a97d-d965ccfc6d4b" outcome="Passed" testListId="8c84fa94-04c1-424b-9868-57a2d4851a1d" relativeResultsDirectory="984d5859-8c80-4242-8959-b21bc7db5274" />
    <UnitTestResult executionId="b21284f4-93e8-46c0-9c33-72fb61a31626" testId="3bec4515-052b-222d-4dba-02783e821b45" testName="Butters.Extensions.String.Tests.StringExtensionsTests.ToDouble(expected: -1.7976931348623157E+308, str: &quot;-1.7976931348623157E+308&quot;)" computerName="LAPTOP-70G3Q9EA" duration="00:00:00.0003551" startTime="2023-01-16T17:43:14.4439060+08:00" endTime="2023-01-16T17:43:14.4439062+08:00" testType="13cdc9d9-ddb5-4fa4-a97d-d965ccfc6d4b" outcome="Passed" testListId="8c84fa94-04c1-424b-9868-57a2d4851a1d" relativeResultsDirectory="b21284f4-93e8-46c0-9c33-72fb61a31626" />
  </Results>
  <TestDefinitions>
    <UnitTest name="Butters.Extensions.String.Tests.StringExtensionsTests.ToCamelCaseLower(expected: &quot;welcomeToThe&quot;, str: &quot;Welcome To The&quot;)" storage="c:\users\michael.mao\desktop\lab\butters.extensions.string\tests\butters.extensions.string.tests\bin\release\net7.0\butters.extensions.string.tests.dll" id="17748906-a189-2a69-ca90-a5ac1fe76c50">
      <Execution id="628a5024-634a-4e44-9045-9950904eb264" />
      <TestMethod codeBase="C:\Users\Michael.mao\Desktop\lab\butters.extensions.string\tests\Butters.Extensions.String.Tests\bin\Release\net7.0\Butters.Extensions.String.Tests.dll" adapterTypeName="executor://xunit/VsTestRunner2/netcoreapp" className="Butters.Extensions.String.Tests.StringExtensionsTests" name="ToCamelCaseLower" />
    </UnitTest>
    <UnitTest name="Butters.Extensions.String.Tests.StringExtensionsTests.ToCamelCaseLower(expected: &quot;welcomeToThe&quot;, str: &quot;WelcomeToThe&quot;)" storage="c:\users\michael.mao\desktop\lab\butters.extensions.string\tests\butters.extensions.string.tests\bin\release\net7.0\butters.extensions.string.tests.dll" id="e371515e-cf1a-0b1c-b8cb-bdbefa8042e1">
      <Execution id="d42e6590-2212-48aa-b2e1-47ae4ac62ebc" />
      <TestMethod codeBase="C:\Users\Michael.mao\Desktop\lab\butters.extensions.string\tests\Butters.Extensions.String.Tests\bin\Release\net7.0\Butters.Extensions.String.Tests.dll" adapterTypeName="executor://xunit/VsTestRunner2/netcoreapp" className="Butters.Extensions.String.Tests.StringExtensionsTests" name="ToCamelCaseLower" />
    </UnitTest>
    <UnitTest name="Butters.Extensions.String.Tests.StringExtensionsTests.ToBoolean(expected: True, str: &quot;y&quot;)" storage="c:\users\michael.mao\desktop\lab\butters.extensions.string\tests\butters.extensions.string.tests\bin\release\net7.0\butters.extensions.string.tests.dll" id="7acb2012-3c75-d387-d64d-36f0514600b5">
      <Execution id="29234e75-5fbc-42c1-b649-2395be95154c" />
      <TestMethod codeBase="C:\Users\Michael.mao\Desktop\lab\butters.extensions.string\tests\Butters.Extensions.String.Tests\bin\Release\net7.0\Butters.Extensions.String.Tests.dll" adapterTypeName="executor://xunit/VsTestRunner2/netcoreapp" className="Butters.Extensions.String.Tests.StringExtensionsTests" name="ToBoolean" />
    </UnitTest>
    <UnitTest name="Butters.Extensions.String.Tests.StringExtensionsTests.ToInt64(expected: 1, str: &quot;1&quot;)" storage="c:\users\michael.mao\desktop\lab\butters.extensions.string\tests\butters.extensions.string.tests\bin\release\net7.0\butters.extensions.string.tests.dll" id="ba88189d-e4b1-ab06-1725-675fd90d4c5f">
      <Execution id="f9f5646e-9bd9-41f3-99fb-6759b84217ba" />
      <TestMethod codeBase="C:\Users\Michael.mao\Desktop\lab\butters.extensions.string\tests\Butters.Extensions.String.Tests\bin\Release\net7.0\Butters.Extensions.String.Tests.dll" adapterTypeName="executor://xunit/VsTestRunner2/netcoreapp" className="Butters.Extensions.String.Tests.StringExtensionsTests" name="ToInt64" />
    </UnitTest>
    <UnitTest name="Butters.Extensions.String.Tests.StringExtensionsTests.ToFloat(expected: 3.40282347E+38, str: &quot;3.40282347E+38&quot;)" storage="c:\users\michael.mao\desktop\lab\butters.extensions.string\tests\butters.extensions.string.tests\bin\release\net7.0\butters.extensions.string.tests.dll" id="27aa45d5-5de0-38b9-9f41-e8de0f443bfd">
      <Execution id="fb709674-c060-4f6e-bfed-ce2c40922137" />
      <TestMethod codeBase="C:\Users\Michael.mao\Desktop\lab\butters.extensions.string\tests\Butters.Extensions.String.Tests\bin\Release\net7.0\Butters.Extensions.String.Tests.dll" adapterTypeName="executor://xunit/VsTestRunner2/netcoreapp" className="Butters.Extensions.String.Tests.StringExtensionsTests" name="ToFloat" />
    </UnitTest>
    <UnitTest name="Butters.Extensions.String.Tests.StringExtensionsTests.ToCamelCaseLower(expected: &quot;isoDate&quot;, str: &quot;ISODate&quot;)" storage="c:\users\michael.mao\desktop\lab\butters.extensions.string\tests\butters.extensions.string.tests\bin\release\net7.0\butters.extensions.string.tests.dll" id="6191aab4-350e-2fc7-055a-128eff914bae">
      <Execution id="e87985df-8964-4e21-8f4a-84c297030e45" />
      <TestMethod codeBase="C:\Users\Michael.mao\Desktop\lab\butters.extensions.string\tests\Butters.Extensions.String.Tests\bin\Release\net7.0\Butters.Extensions.String.Tests.dll" adapterTypeName="executor://xunit/VsTestRunner2/netcoreapp" className="Butters.Extensions.String.Tests.StringExtensionsTests" name="ToCamelCaseLower" />
    </UnitTest>
    <UnitTest name="Butters.Extensions.String.Tests.StringExtensionsTests.ToFloat(expected: -3.40282347E+38, str: &quot;-3.40282347E+38&quot;)" storage="c:\users\michael.mao\desktop\lab\butters.extensions.string\tests\butters.extensions.string.tests\bin\release\net7.0\butters.extensions.string.tests.dll" id="843f9c60-4392-54a0-927b-2cc381105937">
      <Execution id="e12248fe-d2c1-45d2-be56-2e7cc73f34e4" />
      <TestMethod codeBase="C:\Users\Michael.mao\Desktop\lab\butters.extensions.string\tests\Butters.Extensions.String.Tests\bin\Release\net7.0\Butters.Extensions.String.Tests.dll" adapterTypeName="executor://xunit/VsTestRunner2/netcoreapp" className="Butters.Extensions.String.Tests.StringExtensionsTests" name="ToFloat" />
    </UnitTest>
    <UnitTest name="Butters.Extensions.String.Tests.StringExtensionsTests.ToLong(expected: 9223372036854775807, str: &quot;9223372036854775807&quot;)" storage="c:\users\michael.mao\desktop\lab\butters.extensions.string\tests\butters.extensions.string.tests\bin\release\net7.0\butters.extensions.string.tests.dll" id="e869893e-fd20-5bde-fc2c-c0c75431fc28">
      <Execution id="15558fd5-910e-49cf-a3fe-12ebce2dcc32" />
      <TestMethod codeBase="C:\Users\Michael.mao\Desktop\lab\butters.extensions.string\tests\Butters.Extensions.String.Tests\bin\Release\net7.0\Butters.Extensions.String.Tests.dll" adapterTypeName="executor://xunit/VsTestRunner2/netcoreapp" className="Butters.Extensions.String.Tests.StringExtensionsTests" name="ToLong" />
    </UnitTest>
    <UnitTest name="Butters.Extensions.String.Tests.StringExtensionsTests.ToBoolean(expected: False, str: &quot;f&quot;)" storage="c:\users\michael.mao\desktop\lab\butters.extensions.string\tests\butters.extensions.string.tests\bin\release\net7.0\butters.extensions.string.tests.dll" id="c90a9809-7c23-391d-ea1c-29b45fc32c3a">
      <Execution id="06d1e551-85f3-4e1a-968e-e6f9fb6ed969" />
      <TestMethod codeBase="C:\Users\Michael.mao\Desktop\lab\butters.extensions.string\tests\Butters.Extensions.String.Tests\bin\Release\net7.0\Butters.Extensions.String.Tests.dll" adapterTypeName="executor://xunit/VsTestRunner2/netcoreapp" className="Butters.Extensions.String.Tests.StringExtensionsTests" name="ToBoolean" />
    </UnitTest>
    <UnitTest name="Butters.Extensions.String.Tests.StringExtensionsTests.ToInt16(expected: 1, str: &quot;1&quot;)" storage="c:\users\michael.mao\desktop\lab\butters.extensions.string\tests\butters.extensions.string.tests\bin\release\net7.0\butters.extensions.string.tests.dll" id="c7bfd0e7-3b25-f13e-291c-68cf2096d49d">
      <Execution id="57d80da3-fc12-4c43-8ea3-78f19ddd1fa4" />
      <TestMethod codeBase="C:\Users\Michael.mao\Desktop\lab\butters.extensions.string\tests\Butters.Extensions.String.Tests\bin\Release\net7.0\Butters.Extensions.String.Tests.dll" adapterTypeName="executor://xunit/VsTestRunner2/netcoreapp" className="Butters.Extensions.String.Tests.StringExtensionsTests" name="ToInt16" />
    </UnitTest>
    <UnitTest name="Butters.Extensions.String.Tests.StringExtensionsTests.ToBoolean(expected: True, str: &quot;t&quot;)" storage="c:\users\michael.mao\desktop\lab\butters.extensions.string\tests\butters.extensions.string.tests\bin\release\net7.0\butters.extensions.string.tests.dll" id="e614f898-ac74-a53e-2684-63aa2be94be6">
      <Execution id="9cb3a41f-3c41-4b66-9a12-8f7969eba9c1" />
      <TestMethod codeBase="C:\Users\Michael.mao\Desktop\lab\butters.extensions.string\tests\Butters.Extensions.String.Tests\bin\Release\net7.0\Butters.Extensions.String.Tests.dll" adapterTypeName="executor://xunit/VsTestRunner2/netcoreapp" className="Butters.Extensions.String.Tests.StringExtensionsTests" name="ToBoolean" />
    </UnitTest>
    <UnitTest name="Butters.Extensions.String.Tests.StringExtensionsTests.ToInt32(expected: 1, str: &quot;1&quot;)" storage="c:\users\michael.mao\desktop\lab\butters.extensions.string\tests\butters.extensions.string.tests\bin\release\net7.0\butters.extensions.string.tests.dll" id="759b461e-6a19-df6e-753f-7315e4509307">
      <Execution id="29b95825-16e6-4867-8811-aadb861a7a4f" />
      <TestMethod codeBase="C:\Users\Michael.mao\Desktop\lab\butters.extensions.string\tests\Butters.Extensions.String.Tests\bin\Release\net7.0\Butters.Extensions.String.Tests.dll" adapterTypeName="executor://xunit/VsTestRunner2/netcoreapp" className="Butters.Extensions.String.Tests.StringExtensionsTests" name="ToInt32" />
    </UnitTest>
    <UnitTest name="Butters.Extensions.String.Tests.StringExtensionsTests.ToShort(expected: 1, str: &quot;1&quot;)" storage="c:\users\michael.mao\desktop\lab\butters.extensions.string\tests\butters.extensions.string.tests\bin\release\net7.0\butters.extensions.string.tests.dll" id="42eeee91-f85f-2d96-587f-0488a6f2ad96">
      <Execution id="d99a6005-3928-45a9-a9ab-52deacce96ed" />
      <TestMethod codeBase="C:\Users\Michael.mao\Desktop\lab\butters.extensions.string\tests\Butters.Extensions.String.Tests\bin\Release\net7.0\Butters.Extensions.String.Tests.dll" adapterTypeName="executor://xunit/VsTestRunner2/netcoreapp" className="Butters.Extensions.String.Tests.StringExtensionsTests" name="ToShort" />
    </UnitTest>
    <UnitTest name="Butters.Extensions.String.Tests.StringExtensionsTests.ToBoolean(expected: True, str: &quot;yes&quot;)" storage="c:\users\michael.mao\desktop\lab\butters.extensions.string\tests\butters.extensions.string.tests\bin\release\net7.0\butters.extensions.string.tests.dll" id="c3dda673-7508-e7ea-3e46-9ffbc7166b5c">
      <Execution id="82e13ca2-abf9-4cb7-b5f6-ffcd2e6dcb1d" />
      <TestMethod codeBase="C:\Users\Michael.mao\Desktop\lab\butters.extensions.string\tests\Butters.Extensions.String.Tests\bin\Release\net7.0\Butters.Extensions.String.Tests.dll" adapterTypeName="executor://xunit/VsTestRunner2/netcoreapp" className="Butters.Extensions.String.Tests.StringExtensionsTests" name="ToBoolean" />
    </UnitTest>
    <UnitTest name="Butters.Extensions.String.Tests.StringExtensionsTests.ToObjectFromJson" storage="c:\users\michael.mao\desktop\lab\butters.extensions.string\tests\butters.extensions.string.tests\bin\release\net7.0\butters.extensions.string.tests.dll" id="d448177d-5cf5-c222-be60-f1b8c7634867">
      <Execution id="922d1d58-d969-43c4-a88d-accddc2f9101" />
      <TestMethod codeBase="C:\Users\Michael.mao\Desktop\lab\butters.extensions.string\tests\Butters.Extensions.String.Tests\bin\Release\net7.0\Butters.Extensions.String.Tests.dll" adapterTypeName="executor://xunit/VsTestRunner2/netcoreapp" className="Butters.Extensions.String.Tests.StringExtensionsTests" name="ToObjectFromJson" />
    </UnitTest>
    <UnitTest name="Butters.Extensions.String.Tests.StringExtensionsTests.ToLong(expected: 1, str: &quot;1&quot;)" storage="c:\users\michael.mao\desktop\lab\butters.extensions.string\tests\butters.extensions.string.tests\bin\release\net7.0\butters.extensions.string.tests.dll" id="12351f29-5a74-7b20-0dba-44c3fd4c6da9">
      <Execution id="71ade789-b0ad-453f-8a2a-792be9f5d4fe" />
      <TestMethod codeBase="C:\Users\Michael.mao\Desktop\lab\butters.extensions.string\tests\Butters.Extensions.String.Tests\bin\Release\net7.0\Butters.Extensions.String.Tests.dll" adapterTypeName="executor://xunit/VsTestRunner2/netcoreapp" className="Butters.Extensions.String.Tests.StringExtensionsTests" name="ToLong" />
    </UnitTest>
    <UnitTest name="Butters.Extensions.String.Tests.StringExtensionsTests.ToInt16(expected: -32768, str: &quot;-32768&quot;)" storage="c:\users\michael.mao\desktop\lab\butters.extensions.string\tests\butters.extensions.string.tests\bin\release\net7.0\butters.extensions.string.tests.dll" id="71bf26ad-52b1-e6c4-3bc9-1efdb4880397">
      <Execution id="b063865a-d8cf-4e59-b8e7-0c8b127e26a7" />
      <TestMethod codeBase="C:\Users\Michael.mao\Desktop\lab\butters.extensions.string\tests\Butters.Extensions.String.Tests\bin\Release\net7.0\Butters.Extensions.String.Tests.dll" adapterTypeName="executor://xunit/VsTestRunner2/netcoreapp" className="Butters.Extensions.String.Tests.StringExtensionsTests" name="ToInt16" />
    </UnitTest>
    <UnitTest name="Butters.Extensions.String.Tests.StringExtensionsTests.ToInt16(expected: 32767, str: &quot;32767&quot;)" storage="c:\users\michael.mao\desktop\lab\butters.extensions.string\tests\butters.extensions.string.tests\bin\release\net7.0\butters.extensions.string.tests.dll" id="489c6f96-641f-d141-e457-410d423ce0ce">
      <Execution id="d892ee1c-ee90-4565-93b7-937922be3f3a" />
      <TestMethod codeBase="C:\Users\Michael.mao\Desktop\lab\butters.extensions.string\tests\Butters.Extensions.String.Tests\bin\Release\net7.0\Butters.Extensions.String.Tests.dll" adapterTypeName="executor://xunit/VsTestRunner2/netcoreapp" className="Butters.Extensions.String.Tests.StringExtensionsTests" name="ToInt16" />
    </UnitTest>
    <UnitTest name="Butters.Extensions.String.Tests.StringExtensionsTests.ToInt(expected: 1, str: &quot;1&quot;)" storage="c:\users\michael.mao\desktop\lab\butters.extensions.string\tests\butters.extensions.string.tests\bin\release\net7.0\butters.extensions.string.tests.dll" id="9d5a582a-816a-5ca3-6768-2f4558dca9a8">
      <Execution id="e95499db-320a-4ed7-82bc-2b08d64b8b69" />
      <TestMethod codeBase="C:\Users\Michael.mao\Desktop\lab\butters.extensions.string\tests\Butters.Extensions.String.Tests\bin\Release\net7.0\Butters.Extensions.String.Tests.dll" adapterTypeName="executor://xunit/VsTestRunner2/netcoreapp" className="Butters.Extensions.String.Tests.StringExtensionsTests" name="ToInt" />
    </UnitTest>
    <UnitTest name="Butters.Extensions.String.Tests.StringExtensionsTests.ToSnakeCase(expected: &quot;name_of_property&quot;, str: &quot;nameOfProperty&quot;)" storage="c:\users\michael.mao\desktop\lab\butters.extensions.string\tests\butters.extensions.string.tests\bin\release\net7.0\butters.extensions.string.tests.dll" id="a641526f-a1f4-323c-ac4c-f45a2c76b9e0">
      <Execution id="42084f64-1a81-4367-a202-857bbbc0a94f" />
      <TestMethod codeBase="C:\Users\Michael.mao\Desktop\lab\butters.extensions.string\tests\Butters.Extensions.String.Tests\bin\Release\net7.0\Butters.Extensions.String.Tests.dll" adapterTypeName="executor://xunit/VsTestRunner2/netcoreapp" className="Butters.Extensions.String.Tests.StringExtensionsTests" name="ToSnakeCase" />
    </UnitTest>
    <UnitTest name="Butters.Extensions.String.Tests.StringExtensionsTests.ToEnum(expected: Monday, str: &quot;monday&quot;)" storage="c:\users\michael.mao\desktop\lab\butters.extensions.string\tests\butters.extensions.string.tests\bin\release\net7.0\butters.extensions.string.tests.dll" id="5df406d6-bcce-17dc-a028-b1c7fcfde9e1">
      <Execution id="196eb4d8-dbce-4777-81e1-9dfc7dd829da" />
      <TestMethod codeBase="C:\Users\Michael.mao\Desktop\lab\butters.extensions.string\tests\Butters.Extensions.String.Tests\bin\Release\net7.0\Butters.Extensions.String.Tests.dll" adapterTypeName="executor://xunit/VsTestRunner2/netcoreapp" className="Butters.Extensions.String.Tests.StringExtensionsTests" name="ToEnum" />
    </UnitTest>
    <UnitTest name="Butters.Extensions.String.Tests.StringExtensionsTests.ToCamelCaseLower(expected: &quot;ioStream&quot;, str: &quot;IOStream&quot;)" storage="c:\users\michael.mao\desktop\lab\butters.extensions.string\tests\butters.extensions.string.tests\bin\release\net7.0\butters.extensions.string.tests.dll" id="49f1607c-10a3-46c8-d080-671f1eab61fe">
      <Execution id="5e9631b4-a4d3-455b-b41f-7f4daaadd7cb" />
      <TestMethod codeBase="C:\Users\Michael.mao\Desktop\lab\butters.extensions.string\tests\Butters.Extensions.String.Tests\bin\Release\net7.0\Butters.Extensions.String.Tests.dll" adapterTypeName="executor://xunit/VsTestRunner2/netcoreapp" className="Butters.Extensions.String.Tests.StringExtensionsTests" name="ToCamelCaseLower" />
    </UnitTest>
    <UnitTest name="Butters.Extensions.String.Tests.StringExtensionsTests.ToCamelCaseUpper(expected: &quot;WelcomeToThe&quot;, str: &quot;Welcome to the&quot;)" storage="c:\users\michael.mao\desktop\lab\butters.extensions.string\tests\butters.extensions.string.tests\bin\release\net7.0\butters.extensions.string.tests.dll" id="54ca5afa-d03d-2985-b17e-03d6d3827f4a">
      <Execution id="c0a2f0d5-a255-4669-be76-ac0ab394d284" />
      <TestMethod codeBase="C:\Users\Michael.mao\Desktop\lab\butters.extensions.string\tests\Butters.Extensions.String.Tests\bin\Release\net7.0\Butters.Extensions.String.Tests.dll" adapterTypeName="executor://xunit/VsTestRunner2/netcoreapp" className="Butters.Extensions.String.Tests.StringExtensionsTests" name="ToCamelCaseUpper" />
    </UnitTest>
    <UnitTest name="Butters.Extensions.String.Tests.StringExtensionsTests.ToCamelCaseLower(expected: &quot;welcomeToThe&quot;, str: &quot;Welcome to the&quot;)" storage="c:\users\michael.mao\desktop\lab\butters.extensions.string\tests\butters.extensions.string.tests\bin\release\net7.0\butters.extensions.string.tests.dll" id="bd11d8bd-0758-8adb-fd94-e0eb96d8ea8c">
      <Execution id="62cd5581-630f-4dfc-9a77-ae79376fa9be" />
      <TestMethod codeBase="C:\Users\Michael.mao\Desktop\lab\butters.extensions.string\tests\Butters.Extensions.String.Tests\bin\Release\net7.0\Butters.Extensions.String.Tests.dll" adapterTypeName="executor://xunit/VsTestRunner2/netcoreapp" className="Butters.Extensions.String.Tests.StringExtensionsTests" name="ToCamelCaseLower" />
    </UnitTest>
    <UnitTest name="Butters.Extensions.String.Tests.StringExtensionsTests.ToCamelCaseLower(expected: &quot;welcomeToThe&quot;, str: &quot;Welcome_To_The&quot;)" storage="c:\users\michael.mao\desktop\lab\butters.extensions.string\tests\butters.extensions.string.tests\bin\release\net7.0\butters.extensions.string.tests.dll" id="ec758b67-47b6-82b3-0c79-9a14915c6210">
      <Execution id="2b203e23-d19d-4e12-ab5f-f53b71ec163b" />
      <TestMethod codeBase="C:\Users\Michael.mao\Desktop\lab\butters.extensions.string\tests\Butters.Extensions.String.Tests\bin\Release\net7.0\Butters.Extensions.String.Tests.dll" adapterTypeName="executor://xunit/VsTestRunner2/netcoreapp" className="Butters.Extensions.String.Tests.StringExtensionsTests" name="ToCamelCaseLower" />
    </UnitTest>
    <UnitTest name="Butters.Extensions.String.Tests.StringExtensionsTests.ToFloat(expected: 1, str: &quot;1&quot;)" storage="c:\users\michael.mao\desktop\lab\butters.extensions.string\tests\butters.extensions.string.tests\bin\release\net7.0\butters.extensions.string.tests.dll" id="02113ecb-6dd6-720f-5a9b-b47f191bff15">
      <Execution id="88115220-ef8a-4cd9-a4e5-49a64979cf47" />
      <TestMethod codeBase="C:\Users\Michael.mao\Desktop\lab\butters.extensions.string\tests\Butters.Extensions.String.Tests\bin\Release\net7.0\Butters.Extensions.String.Tests.dll" adapterTypeName="executor://xunit/VsTestRunner2/netcoreapp" className="Butters.Extensions.String.Tests.StringExtensionsTests" name="ToFloat" />
    </UnitTest>
    <UnitTest name="Butters.Extensions.String.Tests.StringExtensionsTests.ToEnum(expected: Monday, str: &quot;Monday&quot;)" storage="c:\users\michael.mao\desktop\lab\butters.extensions.string\tests\butters.extensions.string.tests\bin\release\net7.0\butters.extensions.string.tests.dll" id="db61fcd6-e94b-34bf-7a45-4bf7e2489e81">
      <Execution id="bd75eb84-9ab7-48b3-8f0e-7c92318f35cc" />
      <TestMethod codeBase="C:\Users\Michael.mao\Desktop\lab\butters.extensions.string\tests\Butters.Extensions.String.Tests\bin\Release\net7.0\Butters.Extensions.String.Tests.dll" adapterTypeName="executor://xunit/VsTestRunner2/netcoreapp" className="Butters.Extensions.String.Tests.StringExtensionsTests" name="ToEnum" />
    </UnitTest>
    <UnitTest name="Butters.Extensions.String.Tests.StringExtensionsTests.ToCamelCaseUpper(expected: &quot;IOStream&quot;, str: &quot;IOStream&quot;)" storage="c:\users\michael.mao\desktop\lab\butters.extensions.string\tests\butters.extensions.string.tests\bin\release\net7.0\butters.extensions.string.tests.dll" id="e5aa4600-eb62-9c5d-a2b8-18d4910ea81b">
      <Execution id="0742144f-880e-4885-8906-5919fa8f0969" />
      <TestMethod codeBase="C:\Users\Michael.mao\Desktop\lab\butters.extensions.string\tests\Butters.Extensions.String.Tests\bin\Release\net7.0\Butters.Extensions.String.Tests.dll" adapterTypeName="executor://xunit/VsTestRunner2/netcoreapp" className="Butters.Extensions.String.Tests.StringExtensionsTests" name="ToCamelCaseUpper" />
    </UnitTest>
    <UnitTest name="Butters.Extensions.String.Tests.StringExtensionsTests.ToDouble(expected: 1, str: &quot;1&quot;)" storage="c:\users\michael.mao\desktop\lab\butters.extensions.string\tests\butters.extensions.string.tests\bin\release\net7.0\butters.extensions.string.tests.dll" id="3ef3fb3c-d9e2-13a9-6437-dcf8b472fbc7">
      <Execution id="51332768-bb2c-456f-b3d0-d4fc4d63fa62" />
      <TestMethod codeBase="C:\Users\Michael.mao\Desktop\lab\butters.extensions.string\tests\Butters.Extensions.String.Tests\bin\Release\net7.0\Butters.Extensions.String.Tests.dll" adapterTypeName="executor://xunit/VsTestRunner2/netcoreapp" className="Butters.Extensions.String.Tests.StringExtensionsTests" name="ToDouble" />
    </UnitTest>
    <UnitTest name="Butters.Extensions.String.Tests.StringExtensionsTests.ToDouble(expected: -1.7976931348623157E+308, str: &quot;-1.7976931348623157E+308&quot;)" storage="c:\users\michael.mao\desktop\lab\butters.extensions.string\tests\butters.extensions.string.tests\bin\release\net7.0\butters.extensions.string.tests.dll" id="3bec4515-052b-222d-4dba-02783e821b45">
      <Execution id="b21284f4-93e8-46c0-9c33-72fb61a31626" />
      <TestMethod codeBase="C:\Users\Michael.mao\Desktop\lab\butters.extensions.string\tests\Butters.Extensions.String.Tests\bin\Release\net7.0\Butters.Extensions.String.Tests.dll" adapterTypeName="executor://xunit/VsTestRunner2/netcoreapp" className="Butters.Extensions.String.Tests.StringExtensionsTests" name="ToDouble" />
    </UnitTest>
    <UnitTest name="Butters.Extensions.String.Tests.StringExtensionsTests.ToBoolean(expected: False, str: &quot;n&quot;)" storage="c:\users\michael.mao\desktop\lab\butters.extensions.string\tests\butters.extensions.string.tests\bin\release\net7.0\butters.extensions.string.tests.dll" id="63235e37-bf35-6fd5-c943-b2f98820fb7a">
      <Execution id="55dcdd1a-2f69-4579-8803-3a9f825210c4" />
      <TestMethod codeBase="C:\Users\Michael.mao\Desktop\lab\butters.extensions.string\tests\Butters.Extensions.String.Tests\bin\Release\net7.0\Butters.Extensions.String.Tests.dll" adapterTypeName="executor://xunit/VsTestRunner2/netcoreapp" className="Butters.Extensions.String.Tests.StringExtensionsTests" name="ToBoolean" />
    </UnitTest>
    <UnitTest name="Butters.Extensions.String.Tests.StringExtensionsTests.ToCamelCaseUpper(expected: &quot;WelcomeToThe&quot;, str: &quot;Welcome To The&quot;)" storage="c:\users\michael.mao\desktop\lab\butters.extensions.string\tests\butters.extensions.string.tests\bin\release\net7.0\butters.extensions.string.tests.dll" id="78563859-ddad-c6c5-ec01-13dbbeb96cb8">
      <Execution id="b6c61957-a12b-45dd-a978-50390a3c7d2d" />
      <TestMethod codeBase="C:\Users\Michael.mao\Desktop\lab\butters.extensions.string\tests\Butters.Extensions.String.Tests\bin\Release\net7.0\Butters.Extensions.String.Tests.dll" adapterTypeName="executor://xunit/VsTestRunner2/netcoreapp" className="Butters.Extensions.String.Tests.StringExtensionsTests" name="ToCamelCaseUpper" />
    </UnitTest>
    <UnitTest name="Butters.Extensions.String.Tests.StringExtensionsTests.ToSnakeCase(expected: &quot;name _of _property&quot;, str: &quot;name Of Property&quot;)" storage="c:\users\michael.mao\desktop\lab\butters.extensions.string\tests\butters.extensions.string.tests\bin\release\net7.0\butters.extensions.string.tests.dll" id="3627270c-27e0-cc32-4e0c-0d9a56def2ab">
      <Execution id="1796a149-d36f-4f50-a548-45f7e81f8ce6" />
      <TestMethod codeBase="C:\Users\Michael.mao\Desktop\lab\butters.extensions.string\tests\Butters.Extensions.String.Tests\bin\Release\net7.0\Butters.Extensions.String.Tests.dll" adapterTypeName="executor://xunit/VsTestRunner2/netcoreapp" className="Butters.Extensions.String.Tests.StringExtensionsTests" name="ToSnakeCase" />
    </UnitTest>
    <UnitTest name="Butters.Extensions.String.Tests.StringExtensionsTests.ToCamelCaseUpper(expected: &quot;WelcomeToThe&quot;, str: &quot;Welcome_To_The&quot;)" storage="c:\users\michael.mao\desktop\lab\butters.extensions.string\tests\butters.extensions.string.tests\bin\release\net7.0\butters.extensions.string.tests.dll" id="c15319b8-e67b-037b-22d0-d487333dccf5">
      <Execution id="9a93c693-7f14-442a-b440-31b1270eb3b7" />
      <TestMethod codeBase="C:\Users\Michael.mao\Desktop\lab\butters.extensions.string\tests\Butters.Extensions.String.Tests\bin\Release\net7.0\Butters.Extensions.String.Tests.dll" adapterTypeName="executor://xunit/VsTestRunner2/netcoreapp" className="Butters.Extensions.String.Tests.StringExtensionsTests" name="ToCamelCaseUpper" />
    </UnitTest>
    <UnitTest name="Butters.Extensions.String.Tests.StringExtensionsTests.ToInt(expected: -2147483648, str: &quot;-2147483648&quot;)" storage="c:\users\michael.mao\desktop\lab\butters.extensions.string\tests\butters.extensions.string.tests\bin\release\net7.0\butters.extensions.string.tests.dll" id="126c0182-1189-a894-8d85-9452fc89c60b">
      <Execution id="21142d1e-613c-41b2-a139-add5d940b230" />
      <TestMethod codeBase="C:\Users\Michael.mao\Desktop\lab\butters.extensions.string\tests\Butters.Extensions.String.Tests\bin\Release\net7.0\Butters.Extensions.String.Tests.dll" adapterTypeName="executor://xunit/VsTestRunner2/netcoreapp" className="Butters.Extensions.String.Tests.StringExtensionsTests" name="ToInt" />
    </UnitTest>
    <UnitTest name="Butters.Extensions.String.Tests.StringExtensionsTests.ToDouble(expected: 1.7976931348623157E+308, str: &quot;1.7976931348623157E+308&quot;)" storage="c:\users\michael.mao\desktop\lab\butters.extensions.string\tests\butters.extensions.string.tests\bin\release\net7.0\butters.extensions.string.tests.dll" id="ce6d1101-8dcd-fa3f-7656-98e996467e3c">
      <Execution id="6ca24929-3fac-4051-adf4-7b7fbdd678c0" />
      <TestMethod codeBase="C:\Users\Michael.mao\Desktop\lab\butters.extensions.string\tests\Butters.Extensions.String.Tests\bin\Release\net7.0\Butters.Extensions.String.Tests.dll" adapterTypeName="executor://xunit/VsTestRunner2/netcoreapp" className="Butters.Extensions.String.Tests.StringExtensionsTests" name="ToDouble" />
    </UnitTest>
    <UnitTest name="Butters.Extensions.String.Tests.StringExtensionsTests.ToSingle(expected: 1, str: &quot;1&quot;)" storage="c:\users\michael.mao\desktop\lab\butters.extensions.string\tests\butters.extensions.string.tests\bin\release\net7.0\butters.extensions.string.tests.dll" id="89ac71a5-0741-0c61-f73b-a1d13f2600d6">
      <Execution id="02b4dc2f-3542-4d1e-99ff-04e5303fff2c" />
      <TestMethod codeBase="C:\Users\Michael.mao\Desktop\lab\butters.extensions.string\tests\Butters.Extensions.String.Tests\bin\Release\net7.0\Butters.Extensions.String.Tests.dll" adapterTypeName="executor://xunit/VsTestRunner2/netcoreapp" className="Butters.Extensions.String.Tests.StringExtensionsTests" name="ToSingle" />
    </UnitTest>
    <UnitTest name="Butters.Extensions.String.Tests.StringExtensionsTests.ToLong(expected: -9223372036854775808, str: &quot;-9223372036854775808&quot;)" storage="c:\users\michael.mao\desktop\lab\butters.extensions.string\tests\butters.extensions.string.tests\bin\release\net7.0\butters.extensions.string.tests.dll" id="3acd8ccb-02eb-cd73-3561-1216c5574386">
      <Execution id="30ec3d6b-020e-4231-a457-70602354a131" />
      <TestMethod codeBase="C:\Users\Michael.mao\Desktop\lab\butters.extensions.string\tests\Butters.Extensions.String.Tests\bin\Release\net7.0\Butters.Extensions.String.Tests.dll" adapterTypeName="executor://xunit/VsTestRunner2/netcoreapp" className="Butters.Extensions.String.Tests.StringExtensionsTests" name="ToLong" />
    </UnitTest>
    <UnitTest name="Butters.Extensions.String.Tests.StringExtensionsTests.ToBoolean(expected: True, str: &quot;TRUE&quot;)" storage="c:\users\michael.mao\desktop\lab\butters.extensions.string\tests\butters.extensions.string.tests\bin\release\net7.0\butters.extensions.string.tests.dll" id="66bc6e40-a125-6fda-5d16-de1e9b182743">
      <Execution id="8419436b-e329-4a2b-b89d-a267fb94a93c" />
      <TestMethod codeBase="C:\Users\Michael.mao\Desktop\lab\butters.extensions.string\tests\Butters.Extensions.String.Tests\bin\Release\net7.0\Butters.Extensions.String.Tests.dll" adapterTypeName="executor://xunit/VsTestRunner2/netcoreapp" className="Butters.Extensions.String.Tests.StringExtensionsTests" name="ToBoolean" />
    </UnitTest>
    <UnitTest name="Butters.Extensions.String.Tests.StringExtensionsTests.ToCamelCaseUpper(expected: &quot;WelcomeToThe&quot;, str: &quot;WelcomeToThe&quot;)" storage="c:\users\michael.mao\desktop\lab\butters.extensions.string\tests\butters.extensions.string.tests\bin\release\net7.0\butters.extensions.string.tests.dll" id="1e0f98aa-ac76-3dd6-5154-ee1be7bfabe8">
      <Execution id="d7132c24-45e4-43d2-8b57-a9398406a6b1" />
      <TestMethod codeBase="C:\Users\Michael.mao\Desktop\lab\butters.extensions.string\tests\Butters.Extensions.String.Tests\bin\Release\net7.0\Butters.Extensions.String.Tests.dll" adapterTypeName="executor://xunit/VsTestRunner2/netcoreapp" className="Butters.Extensions.String.Tests.StringExtensionsTests" name="ToCamelCaseUpper" />
    </UnitTest>
    <UnitTest name="Butters.Extensions.String.Tests.StringExtensionsTests.ToEnumException(str: &quot;Xonday&quot;)" storage="c:\users\michael.mao\desktop\lab\butters.extensions.string\tests\butters.extensions.string.tests\bin\release\net7.0\butters.extensions.string.tests.dll" id="ffd0d712-3122-2118-a045-585cbde18967">
      <Execution id="21ba13f8-c0f0-400d-9ea9-155d08007d21" />
      <TestMethod codeBase="C:\Users\Michael.mao\Desktop\lab\butters.extensions.string\tests\Butters.Extensions.String.Tests\bin\Release\net7.0\Butters.Extensions.String.Tests.dll" adapterTypeName="executor://xunit/VsTestRunner2/netcoreapp" className="Butters.Extensions.String.Tests.StringExtensionsTests" name="ToEnumException" />
    </UnitTest>
    <UnitTest name="Butters.Extensions.String.Tests.StringExtensionsTests.ToBoolean(expected: False, str: &quot;no&quot;)" storage="c:\users\michael.mao\desktop\lab\butters.extensions.string\tests\butters.extensions.string.tests\bin\release\net7.0\butters.extensions.string.tests.dll" id="a9631da1-f217-f277-a453-d2bdcf42a681">
      <Execution id="2322d876-77bd-462f-b83e-f063a24a6c13" />
      <TestMethod codeBase="C:\Users\Michael.mao\Desktop\lab\butters.extensions.string\tests\Butters.Extensions.String.Tests\bin\Release\net7.0\Butters.Extensions.String.Tests.dll" adapterTypeName="executor://xunit/VsTestRunner2/netcoreapp" className="Butters.Extensions.String.Tests.StringExtensionsTests" name="ToBoolean" />
    </UnitTest>
    <UnitTest name="Butters.Extensions.String.Tests.StringExtensionsTests.ToDecimal(expected: 1, str: &quot;1&quot;)" storage="c:\users\michael.mao\desktop\lab\butters.extensions.string\tests\butters.extensions.string.tests\bin\release\net7.0\butters.extensions.string.tests.dll" id="d93f5488-442f-ded3-80c7-b26c0f7f9ca1">
      <Execution id="acf0e91d-9dbd-49f4-a08d-ce011161bda3" />
      <TestMethod codeBase="C:\Users\Michael.mao\Desktop\lab\butters.extensions.string\tests\Butters.Extensions.String.Tests\bin\Release\net7.0\Butters.Extensions.String.Tests.dll" adapterTypeName="executor://xunit/VsTestRunner2/netcoreapp" className="Butters.Extensions.String.Tests.StringExtensionsTests" name="ToDecimal" />
    </UnitTest>
    <UnitTest name="Butters.Extensions.String.Tests.StringExtensionsTests.ToCamelCaseUpper(expected: &quot;ISODate&quot;, str: &quot;ISODate&quot;)" storage="c:\users\michael.mao\desktop\lab\butters.extensions.string\tests\butters.extensions.string.tests\bin\release\net7.0\butters.extensions.string.tests.dll" id="754222d5-9ea8-548f-04f6-887a8638a034">
      <Execution id="51e8ea0f-bd29-4c7f-b010-db09f2447aa0" />
      <TestMethod codeBase="C:\Users\Michael.mao\Desktop\lab\butters.extensions.string\tests\Butters.Extensions.String.Tests\bin\Release\net7.0\Butters.Extensions.String.Tests.dll" adapterTypeName="executor://xunit/VsTestRunner2/netcoreapp" className="Butters.Extensions.String.Tests.StringExtensionsTests" name="ToCamelCaseUpper" />
    </UnitTest>
    <UnitTest name="Butters.Extensions.String.Tests.StringExtensionsTests.ToCamelCase(expected: &quot;welcomeToThe&quot;, str: &quot;Welcome to the&quot;)" storage="c:\users\michael.mao\desktop\lab\butters.extensions.string\tests\butters.extensions.string.tests\bin\release\net7.0\butters.extensions.string.tests.dll" id="6b9da3db-4ba9-7250-0b29-4c13046299af">
      <Execution id="984d5859-8c80-4242-8959-b21bc7db5274" />
      <TestMethod codeBase="C:\Users\Michael.mao\Desktop\lab\butters.extensions.string\tests\Butters.Extensions.String.Tests\bin\Release\net7.0\Butters.Extensions.String.Tests.dll" adapterTypeName="executor://xunit/VsTestRunner2/netcoreapp" className="Butters.Extensions.String.Tests.StringExtensionsTests" name="ToCamelCase" />
    </UnitTest>
    <UnitTest name="Butters.Extensions.String.Tests.StringExtensionsTests.ToByte(bytes: [97, 49], str: &quot;a1&quot;)" storage="c:\users\michael.mao\desktop\lab\butters.extensions.string\tests\butters.extensions.string.tests\bin\release\net7.0\butters.extensions.string.tests.dll" id="f3f27186-c1dd-f51f-b82f-cc44857343a4">
      <Execution id="ed349b66-e1d4-4d4e-bf34-9e803e24f761" />
      <TestMethod codeBase="C:\Users\Michael.mao\Desktop\lab\butters.extensions.string\tests\Butters.Extensions.String.Tests\bin\Release\net7.0\Butters.Extensions.String.Tests.dll" adapterTypeName="executor://xunit/VsTestRunner2/netcoreapp" className="Butters.Extensions.String.Tests.StringExtensionsTests" name="ToByte" />
    </UnitTest>
    <UnitTest name="Butters.Extensions.String.Tests.StringExtensionsTests.ToShort(expected: 32767, str: &quot;32767&quot;)" storage="c:\users\michael.mao\desktop\lab\butters.extensions.string\tests\butters.extensions.string.tests\bin\release\net7.0\butters.extensions.string.tests.dll" id="80b6ab7a-88e3-b4a8-cda3-1519a8629d51">
      <Execution id="19103c98-9d5a-48f8-9fd6-58e638984171" />
      <TestMethod codeBase="C:\Users\Michael.mao\Desktop\lab\butters.extensions.string\tests\Butters.Extensions.String.Tests\bin\Release\net7.0\Butters.Extensions.String.Tests.dll" adapterTypeName="executor://xunit/VsTestRunner2/netcoreapp" className="Butters.Extensions.String.Tests.StringExtensionsTests" name="ToShort" />
    </UnitTest>
    <UnitTest name="Butters.Extensions.String.Tests.StringExtensionsTests.ToCamelCaseLower(expected: &quot;ioaaaStream&quot;, str: &quot;IOAAAStream&quot;)" storage="c:\users\michael.mao\desktop\lab\butters.extensions.string\tests\butters.extensions.string.tests\bin\release\net7.0\butters.extensions.string.tests.dll" id="e76f61a8-54fe-fb09-5897-517ed06b89f9">
      <Execution id="370f2c3c-c61e-4013-b5c4-eec50319443d" />
      <TestMethod codeBase="C:\Users\Michael.mao\Desktop\lab\butters.extensions.string\tests\Butters.Extensions.String.Tests\bin\Release\net7.0\Butters.Extensions.String.Tests.dll" adapterTypeName="executor://xunit/VsTestRunner2/netcoreapp" className="Butters.Extensions.String.Tests.StringExtensionsTests" name="ToCamelCaseLower" />
    </UnitTest>
    <UnitTest name="Butters.Extensions.String.Tests.StringExtensionsTests.ToShort(expected: -32768, str: &quot;-32768&quot;)" storage="c:\users\michael.mao\desktop\lab\butters.extensions.string\tests\butters.extensions.string.tests\bin\release\net7.0\butters.extensions.string.tests.dll" id="7128c478-eb80-9376-777c-8f9a77fd5373">
      <Execution id="95926262-0f14-428a-b276-fb2823042c0d" />
      <TestMethod codeBase="C:\Users\Michael.mao\Desktop\lab\butters.extensions.string\tests\Butters.Extensions.String.Tests\bin\Release\net7.0\Butters.Extensions.String.Tests.dll" adapterTypeName="executor://xunit/VsTestRunner2/netcoreapp" className="Butters.Extensions.String.Tests.StringExtensionsTests" name="ToShort" />
    </UnitTest>
    <UnitTest name="Butters.Extensions.String.Tests.StringExtensionsTests.ToBoolean(expected: False, str: &quot;False&quot;)" storage="c:\users\michael.mao\desktop\lab\butters.extensions.string\tests\butters.extensions.string.tests\bin\release\net7.0\butters.extensions.string.tests.dll" id="75399664-6a60-889a-25d2-4db5117eb1b0">
      <Execution id="60419411-e507-47c9-aa3a-61454e5d437a" />
      <TestMethod codeBase="C:\Users\Michael.mao\Desktop\lab\butters.extensions.string\tests\Butters.Extensions.String.Tests\bin\Release\net7.0\Butters.Extensions.String.Tests.dll" adapterTypeName="executor://xunit/VsTestRunner2/netcoreapp" className="Butters.Extensions.String.Tests.StringExtensionsTests" name="ToBoolean" />
    </UnitTest>
    <UnitTest name="Butters.Extensions.String.Tests.StringExtensionsTests.ToCamelCaseUpper(expected: &quot;IOAAAStream&quot;, str: &quot;IOAAAStream&quot;)" storage="c:\users\michael.mao\desktop\lab\butters.extensions.string\tests\butters.extensions.string.tests\bin\release\net7.0\butters.extensions.string.tests.dll" id="a66c6842-2257-1d5e-2daf-d2e312be868e">
      <Execution id="97840af6-0303-42ac-a4ed-eba3b01e4527" />
      <TestMethod codeBase="C:\Users\Michael.mao\Desktop\lab\butters.extensions.string\tests\Butters.Extensions.String.Tests\bin\Release\net7.0\Butters.Extensions.String.Tests.dll" adapterTypeName="executor://xunit/VsTestRunner2/netcoreapp" className="Butters.Extensions.String.Tests.StringExtensionsTests" name="ToCamelCaseUpper" />
    </UnitTest>
    <UnitTest name="Butters.Extensions.String.Tests.StringExtensionsTests.ToBoolean(expected: False, str: &quot;false&quot;)" storage="c:\users\michael.mao\desktop\lab\butters.extensions.string\tests\butters.extensions.string.tests\bin\release\net7.0\butters.extensions.string.tests.dll" id="5059ce9a-a274-92c8-5e9a-9822c131a3c5">
      <Execution id="a26f55c2-dcfc-4c98-9362-01203494106d" />
      <TestMethod codeBase="C:\Users\Michael.mao\Desktop\lab\butters.extensions.string\tests\Butters.Extensions.String.Tests\bin\Release\net7.0\Butters.Extensions.String.Tests.dll" adapterTypeName="executor://xunit/VsTestRunner2/netcoreapp" className="Butters.Extensions.String.Tests.StringExtensionsTests" name="ToBoolean" />
    </UnitTest>
    <UnitTest name="Butters.Extensions.String.Tests.StringExtensionsTests.ToBoolean(expected: True, str: &quot;true&quot;)" storage="c:\users\michael.mao\desktop\lab\butters.extensions.string\tests\butters.extensions.string.tests\bin\release\net7.0\butters.extensions.string.tests.dll" id="1bca8b1c-701f-bec8-3a34-2e5e279dbe55">
      <Execution id="296b9708-9184-4d53-b473-18c01ee78c7c" />
      <TestMethod codeBase="C:\Users\Michael.mao\Desktop\lab\butters.extensions.string\tests\Butters.Extensions.String.Tests\bin\Release\net7.0\Butters.Extensions.String.Tests.dll" adapterTypeName="executor://xunit/VsTestRunner2/netcoreapp" className="Butters.Extensions.String.Tests.StringExtensionsTests" name="ToBoolean" />
    </UnitTest>
    <UnitTest name="Butters.Extensions.String.Tests.StringExtensionsTests.ToInt(expected: 2147483647, str: &quot;2147483647&quot;)" storage="c:\users\michael.mao\desktop\lab\butters.extensions.string\tests\butters.extensions.string.tests\bin\release\net7.0\butters.extensions.string.tests.dll" id="ab0246b5-a62b-e30d-2301-5a8e6fe3d765">
      <Execution id="89687580-5f51-4ca0-b6f2-c1ec08d4be6d" />
      <TestMethod codeBase="C:\Users\Michael.mao\Desktop\lab\butters.extensions.string\tests\Butters.Extensions.String.Tests\bin\Release\net7.0\Butters.Extensions.String.Tests.dll" adapterTypeName="executor://xunit/VsTestRunner2/netcoreapp" className="Butters.Extensions.String.Tests.StringExtensionsTests" name="ToInt" />
    </UnitTest>
    <UnitTest name="Butters.Extensions.String.Tests.StringExtensionsTests.ToCamelCaseLower(expected: &quot;welcomeToThe&quot;, str: &quot;Welcome-To-The&quot;)" storage="c:\users\michael.mao\desktop\lab\butters.extensions.string\tests\butters.extensions.string.tests\bin\release\net7.0\butters.extensions.string.tests.dll" id="d8a06228-c4ee-1667-45ba-8945e3337c7a">
      <Execution id="255c59b6-4992-45dc-b408-6fe98287cbb6" />
      <TestMethod codeBase="C:\Users\Michael.mao\Desktop\lab\butters.extensions.string\tests\Butters.Extensions.String.Tests\bin\Release\net7.0\Butters.Extensions.String.Tests.dll" adapterTypeName="executor://xunit/VsTestRunner2/netcoreapp" className="Butters.Extensions.String.Tests.StringExtensionsTests" name="ToCamelCaseLower" />
    </UnitTest>
  </TestDefinitions>
  <TestEntries>
    <TestEntry testId="ffd0d712-3122-2118-a045-585cbde18967" executionId="21ba13f8-c0f0-400d-9ea9-155d08007d21" testListId="8c84fa94-04c1-424b-9868-57a2d4851a1d" />
    <TestEntry testId="e614f898-ac74-a53e-2684-63aa2be94be6" executionId="9cb3a41f-3c41-4b66-9a12-8f7969eba9c1" testListId="8c84fa94-04c1-424b-9868-57a2d4851a1d" />
    <TestEntry testId="759b461e-6a19-df6e-753f-7315e4509307" executionId="29b95825-16e6-4867-8811-aadb861a7a4f" testListId="8c84fa94-04c1-424b-9868-57a2d4851a1d" />
    <TestEntry testId="489c6f96-641f-d141-e457-410d423ce0ce" executionId="d892ee1c-ee90-4565-93b7-937922be3f3a" testListId="8c84fa94-04c1-424b-9868-57a2d4851a1d" />
    <TestEntry testId="ba88189d-e4b1-ab06-1725-675fd90d4c5f" executionId="f9f5646e-9bd9-41f3-99fb-6759b84217ba" testListId="8c84fa94-04c1-424b-9868-57a2d4851a1d" />
    <TestEntry testId="d93f5488-442f-ded3-80c7-b26c0f7f9ca1" executionId="acf0e91d-9dbd-49f4-a08d-ce011161bda3" testListId="8c84fa94-04c1-424b-9868-57a2d4851a1d" />
    <TestEntry testId="3acd8ccb-02eb-cd73-3561-1216c5574386" executionId="30ec3d6b-020e-4231-a457-70602354a131" testListId="8c84fa94-04c1-424b-9868-57a2d4851a1d" />
    <TestEntry testId="3ef3fb3c-d9e2-13a9-6437-dcf8b472fbc7" executionId="51332768-bb2c-456f-b3d0-d4fc4d63fa62" testListId="8c84fa94-04c1-424b-9868-57a2d4851a1d" />
    <TestEntry testId="5df406d6-bcce-17dc-a028-b1c7fcfde9e1" executionId="196eb4d8-dbce-4777-81e1-9dfc7dd829da" testListId="8c84fa94-04c1-424b-9868-57a2d4851a1d" />
    <TestEntry testId="49f1607c-10a3-46c8-d080-671f1eab61fe" executionId="5e9631b4-a4d3-455b-b41f-7f4daaadd7cb" testListId="8c84fa94-04c1-424b-9868-57a2d4851a1d" />
    <TestEntry testId="c15319b8-e67b-037b-22d0-d487333dccf5" executionId="9a93c693-7f14-442a-b440-31b1270eb3b7" testListId="8c84fa94-04c1-424b-9868-57a2d4851a1d" />
    <TestEntry testId="75399664-6a60-889a-25d2-4db5117eb1b0" executionId="60419411-e507-47c9-aa3a-61454e5d437a" testListId="8c84fa94-04c1-424b-9868-57a2d4851a1d" />
    <TestEntry testId="a641526f-a1f4-323c-ac4c-f45a2c76b9e0" executionId="42084f64-1a81-4367-a202-857bbbc0a94f" testListId="8c84fa94-04c1-424b-9868-57a2d4851a1d" />
    <TestEntry testId="ab0246b5-a62b-e30d-2301-5a8e6fe3d765" executionId="89687580-5f51-4ca0-b6f2-c1ec08d4be6d" testListId="8c84fa94-04c1-424b-9868-57a2d4851a1d" />
    <TestEntry testId="89ac71a5-0741-0c61-f73b-a1d13f2600d6" executionId="02b4dc2f-3542-4d1e-99ff-04e5303fff2c" testListId="8c84fa94-04c1-424b-9868-57a2d4851a1d" />
    <TestEntry testId="db61fcd6-e94b-34bf-7a45-4bf7e2489e81" executionId="bd75eb84-9ab7-48b3-8f0e-7c92318f35cc" testListId="8c84fa94-04c1-424b-9868-57a2d4851a1d" />
    <TestEntry testId="17748906-a189-2a69-ca90-a5ac1fe76c50" executionId="628a5024-634a-4e44-9045-9950904eb264" testListId="8c84fa94-04c1-424b-9868-57a2d4851a1d" />
    <TestEntry testId="f3f27186-c1dd-f51f-b82f-cc44857343a4" executionId="ed349b66-e1d4-4d4e-bf34-9e803e24f761" testListId="8c84fa94-04c1-424b-9868-57a2d4851a1d" />
    <TestEntry testId="7128c478-eb80-9376-777c-8f9a77fd5373" executionId="95926262-0f14-428a-b276-fb2823042c0d" testListId="8c84fa94-04c1-424b-9868-57a2d4851a1d" />
    <TestEntry testId="1e0f98aa-ac76-3dd6-5154-ee1be7bfabe8" executionId="d7132c24-45e4-43d2-8b57-a9398406a6b1" testListId="8c84fa94-04c1-424b-9868-57a2d4851a1d" />
    <TestEntry testId="54ca5afa-d03d-2985-b17e-03d6d3827f4a" executionId="c0a2f0d5-a255-4669-be76-ac0ab394d284" testListId="8c84fa94-04c1-424b-9868-57a2d4851a1d" />
    <TestEntry testId="ec758b67-47b6-82b3-0c79-9a14915c6210" executionId="2b203e23-d19d-4e12-ab5f-f53b71ec163b" testListId="8c84fa94-04c1-424b-9868-57a2d4851a1d" />
    <TestEntry testId="126c0182-1189-a894-8d85-9452fc89c60b" executionId="21142d1e-613c-41b2-a139-add5d940b230" testListId="8c84fa94-04c1-424b-9868-57a2d4851a1d" />
    <TestEntry testId="e869893e-fd20-5bde-fc2c-c0c75431fc28" executionId="15558fd5-910e-49cf-a3fe-12ebce2dcc32" testListId="8c84fa94-04c1-424b-9868-57a2d4851a1d" />
    <TestEntry testId="7acb2012-3c75-d387-d64d-36f0514600b5" executionId="29234e75-5fbc-42c1-b649-2395be95154c" testListId="8c84fa94-04c1-424b-9868-57a2d4851a1d" />
    <TestEntry testId="d8a06228-c4ee-1667-45ba-8945e3337c7a" executionId="255c59b6-4992-45dc-b408-6fe98287cbb6" testListId="8c84fa94-04c1-424b-9868-57a2d4851a1d" />
    <TestEntry testId="c3dda673-7508-e7ea-3e46-9ffbc7166b5c" executionId="82e13ca2-abf9-4cb7-b5f6-ffcd2e6dcb1d" testListId="8c84fa94-04c1-424b-9868-57a2d4851a1d" />
    <TestEntry testId="12351f29-5a74-7b20-0dba-44c3fd4c6da9" executionId="71ade789-b0ad-453f-8a2a-792be9f5d4fe" testListId="8c84fa94-04c1-424b-9868-57a2d4851a1d" />
    <TestEntry testId="80b6ab7a-88e3-b4a8-cda3-1519a8629d51" executionId="19103c98-9d5a-48f8-9fd6-58e638984171" testListId="8c84fa94-04c1-424b-9868-57a2d4851a1d" />
    <TestEntry testId="754222d5-9ea8-548f-04f6-887a8638a034" executionId="51e8ea0f-bd29-4c7f-b010-db09f2447aa0" testListId="8c84fa94-04c1-424b-9868-57a2d4851a1d" />
    <TestEntry testId="5059ce9a-a274-92c8-5e9a-9822c131a3c5" executionId="a26f55c2-dcfc-4c98-9362-01203494106d" testListId="8c84fa94-04c1-424b-9868-57a2d4851a1d" />
    <TestEntry testId="02113ecb-6dd6-720f-5a9b-b47f191bff15" executionId="88115220-ef8a-4cd9-a4e5-49a64979cf47" testListId="8c84fa94-04c1-424b-9868-57a2d4851a1d" />
    <TestEntry testId="a66c6842-2257-1d5e-2daf-d2e312be868e" executionId="97840af6-0303-42ac-a4ed-eba3b01e4527" testListId="8c84fa94-04c1-424b-9868-57a2d4851a1d" />
    <TestEntry testId="71bf26ad-52b1-e6c4-3bc9-1efdb4880397" executionId="b063865a-d8cf-4e59-b8e7-0c8b127e26a7" testListId="8c84fa94-04c1-424b-9868-57a2d4851a1d" />
    <TestEntry testId="27aa45d5-5de0-38b9-9f41-e8de0f443bfd" executionId="fb709674-c060-4f6e-bfed-ce2c40922137" testListId="8c84fa94-04c1-424b-9868-57a2d4851a1d" />
    <TestEntry testId="78563859-ddad-c6c5-ec01-13dbbeb96cb8" executionId="b6c61957-a12b-45dd-a978-50390a3c7d2d" testListId="8c84fa94-04c1-424b-9868-57a2d4851a1d" />
    <TestEntry testId="a9631da1-f217-f277-a453-d2bdcf42a681" executionId="2322d876-77bd-462f-b83e-f063a24a6c13" testListId="8c84fa94-04c1-424b-9868-57a2d4851a1d" />
    <TestEntry testId="c90a9809-7c23-391d-ea1c-29b45fc32c3a" executionId="06d1e551-85f3-4e1a-968e-e6f9fb6ed969" testListId="8c84fa94-04c1-424b-9868-57a2d4851a1d" />
    <TestEntry testId="66bc6e40-a125-6fda-5d16-de1e9b182743" executionId="8419436b-e329-4a2b-b89d-a267fb94a93c" testListId="8c84fa94-04c1-424b-9868-57a2d4851a1d" />
    <TestEntry testId="843f9c60-4392-54a0-927b-2cc381105937" executionId="e12248fe-d2c1-45d2-be56-2e7cc73f34e4" testListId="8c84fa94-04c1-424b-9868-57a2d4851a1d" />
    <TestEntry testId="3627270c-27e0-cc32-4e0c-0d9a56def2ab" executionId="1796a149-d36f-4f50-a548-45f7e81f8ce6" testListId="8c84fa94-04c1-424b-9868-57a2d4851a1d" />
    <TestEntry testId="bd11d8bd-0758-8adb-fd94-e0eb96d8ea8c" executionId="62cd5581-630f-4dfc-9a77-ae79376fa9be" testListId="8c84fa94-04c1-424b-9868-57a2d4851a1d" />
    <TestEntry testId="e5aa4600-eb62-9c5d-a2b8-18d4910ea81b" executionId="0742144f-880e-4885-8906-5919fa8f0969" testListId="8c84fa94-04c1-424b-9868-57a2d4851a1d" />
    <TestEntry testId="e76f61a8-54fe-fb09-5897-517ed06b89f9" executionId="370f2c3c-c61e-4013-b5c4-eec50319443d" testListId="8c84fa94-04c1-424b-9868-57a2d4851a1d" />
    <TestEntry testId="1bca8b1c-701f-bec8-3a34-2e5e279dbe55" executionId="296b9708-9184-4d53-b473-18c01ee78c7c" testListId="8c84fa94-04c1-424b-9868-57a2d4851a1d" />
    <TestEntry testId="42eeee91-f85f-2d96-587f-0488a6f2ad96" executionId="d99a6005-3928-45a9-a9ab-52deacce96ed" testListId="8c84fa94-04c1-424b-9868-57a2d4851a1d" />
    <TestEntry testId="9d5a582a-816a-5ca3-6768-2f4558dca9a8" executionId="e95499db-320a-4ed7-82bc-2b08d64b8b69" testListId="8c84fa94-04c1-424b-9868-57a2d4851a1d" />
    <TestEntry testId="e371515e-cf1a-0b1c-b8cb-bdbefa8042e1" executionId="d42e6590-2212-48aa-b2e1-47ae4ac62ebc" testListId="8c84fa94-04c1-424b-9868-57a2d4851a1d" />
    <TestEntry testId="ce6d1101-8dcd-fa3f-7656-98e996467e3c" executionId="6ca24929-3fac-4051-adf4-7b7fbdd678c0" testListId="8c84fa94-04c1-424b-9868-57a2d4851a1d" />
    <TestEntry testId="c7bfd0e7-3b25-f13e-291c-68cf2096d49d" executionId="57d80da3-fc12-4c43-8ea3-78f19ddd1fa4" testListId="8c84fa94-04c1-424b-9868-57a2d4851a1d" />
    <TestEntry testId="63235e37-bf35-6fd5-c943-b2f98820fb7a" executionId="55dcdd1a-2f69-4579-8803-3a9f825210c4" testListId="8c84fa94-04c1-424b-9868-57a2d4851a1d" />
    <TestEntry testId="d448177d-5cf5-c222-be60-f1b8c7634867" executionId="922d1d58-d969-43c4-a88d-accddc2f9101" testListId="8c84fa94-04c1-424b-9868-57a2d4851a1d" />
    <TestEntry testId="6191aab4-350e-2fc7-055a-128eff914bae" executionId="e87985df-8964-4e21-8f4a-84c297030e45" testListId="8c84fa94-04c1-424b-9868-57a2d4851a1d" />
    <TestEntry testId="6b9da3db-4ba9-7250-0b29-4c13046299af" executionId="984d5859-8c80-4242-8959-b21bc7db5274" testListId="8c84fa94-04c1-424b-9868-57a2d4851a1d" />
    <TestEntry testId="3bec4515-052b-222d-4dba-02783e821b45" executionId="b21284f4-93e8-46c0-9c33-72fb61a31626" testListId="8c84fa94-04c1-424b-9868-57a2d4851a1d" />
  </TestEntries>
  <TestLists>
    <TestList name="不在清單中的結果" id="8c84fa94-04c1-424b-9868-57a2d4851a1d" />
    <TestList name="所有載入的結果" id="19431567-8539-422a-85d7-44ee4e166bda" />
  </TestLists>
  <ResultSummary outcome="Completed">
    <Counters total="55" executed="55" passed="55" failed="0" error="0" timeout="0" aborted="0" inconclusive="0" passedButRunAborted="0" notRunnable="0" notExecuted="0" disconnected="0" warning="0" completed="0" inProgress="0" pending="0" />
    <Output>
      <StdOut>[xUnit.net 00:00:00.00] xUnit.net VSTest Adapter v2.4.5+1caef2f33e (64-bit .NET 7.0.2)&#xD;
[xUnit.net 00:00:00.56]   Discovering: Butters.Extensions.String.Tests&#xD;
[xUnit.net 00:00:00.66]   Discovered:  Butters.Extensions.String.Tests&#xD;
[xUnit.net 00:00:00.66]   Starting:    Butters.Extensions.String.Tests&#xD;
[xUnit.net 00:00:00.86]   Finished:    Butters.Extensions.String.Tests&#xD;
</StdOut>
    </Output>
  </ResultSummary>
</TestRun>